Component: ARM Compiler 5.05 update 1 (build 106) Tool: armlink [4d0efa]

==============================================================================

Section Cross References

    main.o(i.BSP_Init) refers to misc.o(i.NVIC_PriorityGroupConfig) for NVIC_PriorityGroupConfig
    main.o(i.BSP_Init) refers to init.o(i.SOFTWARE_Init) for SOFTWARE_Init
    main.o(i.BSP_Init) refers to init.o(i.HARDWARE_Init) for HARDWARE_Init
    main.o(i.BSP_Init) refers to delay.o(i.delay_ms) for delay_ms
    main.o(i.BSP_Init) refers to timer.o(i.Calibrate) for Calibrate
    main.o(i.main) refers to main.o(i.BSP_Init) for BSP_Init
    main.o(i.main) refers to lcd1.o(i.LCD_Clear) for LCD_Clear
    main.o(i.main) refers to lcd1.o(i.LCD_ShowString) for LCD_ShowString
    main.o(i.main) refers to stm32f10x_gpio.o(i.GPIO_SetBits) for GPIO_SetBits
    main.o(i.main) refers to delay.o(i.delay_ms) for delay_ms
    main.o(i.main) refers to stm32f10x_gpio.o(i.GPIO_ResetBits) for GPIO_ResetBits
    main.o(i.main) refers to lcdinfo.o(i.LcdShowData) for LcdShowData
    main.o(i.main) refers to task.o(i.Task1) for Task1
    main.o(i.main) refers to task.o(i.Task2) for Task2
    main.o(i.main) refers to task.o(i.Task3) for Task3
    main.o(i.main) refers to task.o(i.Task4) for Task4
    main.o(i.main) refers to timer.o(.data) for ShowFlag
    main.o(i.main) refers to main.o(.data) for Instruction
    system_stm32f10x.o(i.SetSysClock) refers to system_stm32f10x.o(i.SetSysClockTo72) for SetSysClockTo72
    system_stm32f10x.o(i.SystemCoreClockUpdate) refers to system_stm32f10x.o(.data) for SystemCoreClock
    system_stm32f10x.o(i.SystemInit) refers to system_stm32f10x.o(i.SetSysClock) for SetSysClock
    delay.o(i.delay_init) refers to misc.o(i.SysTick_CLKSourceConfig) for SysTick_CLKSourceConfig
    delay.o(i.delay_init) refers to system_stm32f10x.o(.data) for SystemCoreClock
    delay.o(i.delay_init) refers to delay.o(.data) for fac_us
    delay.o(i.delay_ms) refers to delay.o(.data) for fac_ms
    delay.o(i.delay_us) refers to delay.o(.data) for fac_us
    usart.o(i.TIM4_IRQHandler) refers (Special) to use_no_semi_2.o(.text) for __use_no_semihosting
    usart.o(i.TIM4_IRQHandler) refers to stm32f10x_tim.o(i.TIM_GetITStatus) for TIM_GetITStatus
    usart.o(i.TIM4_IRQHandler) refers to stm32f10x_tim.o(i.TIM_ClearITPendingBit) for TIM_ClearITPendingBit
    usart.o(i.TIM4_IRQHandler) refers to usart.o(i.TIM4_Set) for TIM4_Set
    usart.o(i.TIM4_IRQHandler) refers to usart.o(.data) for USART1_RX_STA
    usart.o(i.TIM4_Init) refers (Special) to use_no_semi_2.o(.text) for __use_no_semihosting
    usart.o(i.TIM4_Init) refers to stm32f10x_rcc.o(i.RCC_APB1PeriphClockCmd) for RCC_APB1PeriphClockCmd
    usart.o(i.TIM4_Init) refers to stm32f10x_tim.o(i.TIM_TimeBaseInit) for TIM_TimeBaseInit
    usart.o(i.TIM4_Init) refers to stm32f10x_tim.o(i.TIM_ITConfig) for TIM_ITConfig
    usart.o(i.TIM4_Init) refers to misc.o(i.NVIC_Init) for NVIC_Init
    usart.o(i.TIM4_Set) refers (Special) to use_no_semi_2.o(.text) for __use_no_semihosting
    usart.o(i.TIM4_Set) refers to stm32f10x_tim.o(i.TIM_SetCounter) for TIM_SetCounter
    usart.o(i.TIM4_Set) refers to stm32f10x_tim.o(i.TIM_Cmd) for TIM_Cmd
    usart.o(i.UART_DMA_Config) refers (Special) to use_no_semi_2.o(.text) for __use_no_semihosting
    usart.o(i.UART_DMA_Config) refers to stm32f10x_rcc.o(i.RCC_AHBPeriphClockCmd) for RCC_AHBPeriphClockCmd
    usart.o(i.UART_DMA_Config) refers to stm32f10x_dma.o(i.DMA_DeInit) for DMA_DeInit
    usart.o(i.UART_DMA_Config) refers to stm32f10x_dma.o(i.DMA_Init) for DMA_Init
    usart.o(i.UART_DMA_Enable) refers (Special) to use_no_semi_2.o(.text) for __use_no_semihosting
    usart.o(i.UART_DMA_Enable) refers to stm32f10x_dma.o(i.DMA_Cmd) for DMA_Cmd
    usart.o(i.UART_DMA_Enable) refers to stm32f10x_dma.o(i.DMA_SetCurrDataCounter) for DMA_SetCurrDataCounter
    usart.o(i.USART1_IRQHandler) refers (Special) to use_no_semi_2.o(.text) for __use_no_semihosting
    usart.o(i.USART1_IRQHandler) refers to stm32f10x_usart.o(i.USART_GetITStatus) for USART_GetITStatus
    usart.o(i.USART1_IRQHandler) refers to stm32f10x_usart.o(i.USART_ReceiveData) for USART_ReceiveData
    usart.o(i.USART1_IRQHandler) refers to lcd1.o(i.LCD_Clear) for LCD_Clear
    usart.o(i.USART1_IRQHandler) refers to stm32f10x_tim.o(i.TIM_SetCounter) for TIM_SetCounter
    usart.o(i.USART1_IRQHandler) refers to usart.o(i.TIM4_Set) for TIM4_Set
    usart.o(i.USART1_IRQHandler) refers to main.o(.data) for Instruction
    usart.o(i.USART1_IRQHandler) refers to usart.o(.data) for USART1_RX_STA
    usart.o(i.USART1_IRQHandler) refers to usart2.o(.data) for USART2_RX_STA
    usart.o(i.USART1_IRQHandler) refers to usart.o(.bss) for USART1_RX_BUF
    usart.o(i._sys_exit) refers (Special) to use_no_semi_2.o(.text) for __use_no_semihosting
    usart.o(i.fputc) refers (Special) to use_no_semi_2.o(.text) for __use_no_semihosting
[...]
    i.LcdShowData                            0x08006d5c   Section        0  lcdinfo.o(i.LcdShowData)
    i.MemManage_Handler                      0x08006ef0   Section        0  stm32f10x_it.o(i.MemManage_Handler)
    i.NMI_Handler                            0x08006ef4   Section        0  stm32f10x_it.o(i.NMI_Handler)
    i.NVIC_Init                              0x08006ef8   Section        0  misc.o(i.NVIC_Init)
    i.NVIC_PriorityGroupConfig               0x08006f68   Section        0  misc.o(i.NVIC_PriorityGroupConfig)
    i.PendSV_Handler                         0x08006f7c   Section        0  stm32f10x_it.o(i.PendSV_Handler)
    i.RCC_AHBPeriphClockCmd                  0x08006f80   Section        0  stm32f10x_rcc.o(i.RCC_AHBPeriphClockCmd)
    i.RCC_APB1PeriphClockCmd                 0x08006fa0   Section        0  stm32f10x_rcc.o(i.RCC_APB1PeriphClockCmd)
    i.RCC_APB1PeriphResetCmd                 0x08006fc0   Section        0  stm32f10x_rcc.o(i.RCC_APB1PeriphResetCmd)
    i.RCC_APB2PeriphClockCmd                 0x08006fe0   Section        0  stm32f10x_rcc.o(i.RCC_APB2PeriphClockCmd)
    i.RCC_APB2PeriphResetCmd                 0x08007000   Section        0  stm32f10x_rcc.o(i.RCC_APB2PeriphResetCmd)
    i.RCC_GetClocksFreq                      0x08007020   Section        0  stm32f10x_rcc.o(i.RCC_GetClocksFreq)
    i.ReadFDC2X14                            0x080070f4   Section        0  fdc2x14.o(i.ReadFDC2X14)
    i.SOFTWARE_Init                          0x08007230   Section        0  init.o(i.SOFTWARE_Init)
    i.SVC_Handler                            0x0800724a   Section        0  stm32f10x_it.o(i.SVC_Handler)
    i.SetFDC2X14                             0x0800724c   Section        0  fdc2x14.o(i.SetFDC2X14)
    i.SetSysClock                            0x080072b8   Section        0  system_stm32f10x.o(i.SetSysClock)
    SetSysClock                              0x080072b9   Thumb Code     8  system_stm32f10x.o(i.SetSysClock)
    i.SetSysClockTo72                        0x080072c0   Section        0  system_stm32f10x.o(i.SetSysClockTo72)
    SetSysClockTo72                          0x080072c1   Thumb Code   214  system_stm32f10x.o(i.SetSysClockTo72)
    i.SysTick_CLKSourceConfig                0x080073a0   Section        0  misc.o(i.SysTick_CLKSourceConfig)
    i.SysTick_Handler                        0x080073c8   Section        0  stm32f10x_it.o(i.SysTick_Handler)
    i.SystemInit                             0x080073cc   Section        0  system_stm32f10x.o(i.SystemInit)
    i.TIM3_IRQHandler                        0x0800742c   Section        0  timer.o(i.TIM3_IRQHandler)
    i.TIM3_Int_Init                          0x08007544   Section        0  timer.o(i.TIM3_Int_Init)
    i.TIM4_IRQHandler                        0x080075a4   Section        0  usart.o(i.TIM4_IRQHandler)
    i.TIM4_Init                              0x080075d4   Section        0  usart.o(i.TIM4_Init)
    i.TIM4_Set                               0x0800762c   Section        0  usart.o(i.TIM4_Set)
    i.TIM_ClearITPendingBit                  0x08007654   Section        0  stm32f10x_tim.o(i.TIM_ClearITPendingBit)
    i.TIM_Cmd                                0x0800765a   Section        0  stm32f10x_tim.o(i.TIM_Cmd)
    i.TIM_GetITStatus                        0x08007672   Section        0  stm32f10x_tim.o(i.TIM_GetITStatus)
    i.TIM_ITConfig                           0x08007694   Section        0  stm32f10x_tim.o(i.TIM_ITConfig)
    i.TIM_SetCounter                         0x080076a6   Section        0  stm32f10x_tim.o(i.TIM_SetCounter)
    i.TIM_TimeBaseInit                       0x080076ac   Section        0  stm32f10x_tim.o(i.TIM_TimeBaseInit)
    i.Task1                                  0x08007750   Section        0  task.o(i.Task1)
    i.Task2                                  0x080078a8   Section        0  task.o(i.Task2)
    i.Task3                                  0x08007a00   Section        0  task.o(i.Task3)
    i.Task4                                  0x080082cc   Section        0  task.o(i.Task4)
    i.TrainDataInit                          0x080088b4   Section        0  task.o(i.TrainDataInit)
    i.UART_DMA_Config                        0x080088e0   Section        0  usart.o(i.UART_DMA_Config)
    i.UART_DMA_Enable                        0x08008928   Section        0  usart.o(i.UART_DMA_Enable)
    i.USART1_IRQHandler                      0x08008948   Section        0  usart.o(i.USART1_IRQHandler)
    i.USART2_Init                            0x080089c4   Section        0  usart2.o(i.USART2_Init)
    i.USART_Cmd                              0x08008aa4   Section        0  stm32f10x_usart.o(i.USART_Cmd)
    i.USART_DMACmd                           0x08008abc   Section        0  stm32f10x_usart.o(i.USART_DMACmd)
    i.USART_DeInit                           0x08008ad0   Section        0  stm32f10x_usart.o(i.USART_DeInit)
    i.USART_GetITStatus                      0x08008b6c   Section        0  stm32f10x_usart.o(i.USART_GetITStatus)
    i.USART_ITConfig                         0x08008bc0   Section        0  stm32f10x_usart.o(i.USART_ITConfig)
    i.USART_Init                             0x08008c0c   Section        0  stm32f10x_usart.o(i.USART_Init)
    i.USART_ReceiveData                      0x08008ce4   Section        0  stm32f10x_usart.o(i.USART_ReceiveData)
    i.UsageFault_Handler                     0x08008cee   Section        0  stm32f10x_it.o(i.UsageFault_Handler)
    i.__ARM_fpclassify                       0x08008cf2   Section        0  fpclassify.o(i.__ARM_fpclassify)
    i._is_digit                              0x08008d1a   Section        0  __printf_wp.o(i._is_digit)
    i._sys_exit                              0x08008d28   Section        0  usart.o(i._sys_exit)
    i.delay_init                             0x08008d30   Section        0  delay.o(i.delay_init)
    i.delay_ms                               0x08008d74   Section        0  delay.o(i.delay_ms)
    i.delay_us                               0x08008dc0   Section        0  delay.o(i.delay_us)
    i.fputc                                  0x08008e0c   Section        0  usart.o(i.fputc)
    i.main                                   0x08008e28   Section        0  main.o(i.main)
    i.u2_printf                              0x08008eec   Section        0  usart2.o(i.u2_printf)
    i.uart_init                              0x08008f2c   Section        0  usart.o(i.uart_init)
    locale$$code                             0x08008fe0   Section       44  lc_numeric_c.o(locale$$code)
    locale$$code                             0x0800900c   Section       44  lc_ctype_c.o(locale$$code)
    x$fpl$dfixu                              0x08009038   Section       90  dfixu.o(x$fpl$dfixu)
    x$fpl$dfltu                              0x08009092   Section       38  dflt_clz.o(x$fpl$dfltu)
    x$fpl$dmul                               0x080090b8   Section      340  dmul.o(x$fpl$dmul)
    x$fpl$dnaninf                            0x0800920c   Section      156  dnaninf.o(x$fpl$dnaninf)
    x$fpl$dretinf                            0x080092a8   Section       12  dretinf.o(x$fpl$dretinf)
    x$fpl$printf1                            0x080092b4   Section        4  printf1.o(x$fpl$printf1)
    .constdata                               0x080092b8   Section     6080  lcd1.o(.constdata)
    x$fpl$usenofp                            0x080092b8   Section        0  usenofp.o(x$fpl$usenofp)
    .constdata                               0x0800aa78   Section       40  _printf_hex_int_ll_ptr.o(.constdata)
    uc_hextab                                0x0800aa78   Data          20  _printf_hex_int_ll_ptr.o(.constdata)
    lc_hextab                                0x0800aa8c   Data          20  _printf_hex_int_ll_ptr.o(.constdata)
    .constdata                               0x0800aaa0   Section       17  __printf_flags_ss_wp.o(.constdata)
    maptable                                 0x0800aaa0   Data          17  __printf_flags_ss_wp.o(.constdata)
    .constdata                               0x0800aab4   Section        8  _printf_wctomb.o(.constdata)
    initial_mbstate                          0x0800aab4   Data           8  _printf_wctomb.o(.constdata)
    .constdata                               0x0800aabc   Section      148  bigflt0.o(.constdata)
    tenpwrs_x                                0x0800aabc   Data          60  bigflt0.o(.constdata)
    tenpwrs_i                                0x0800aaf8   Data          64  bigflt0.o(.constdata)
    locale$$data                             0x0800ab70   Section       28  lc_numeric_c.o(locale$$data)
    __lcnum_c_name                           0x0800ab74   Data           2  lc_numeric_c.o(locale$$data)
    __lcnum_c_start                          0x0800ab7c   Data           0  lc_numeric_c.o(locale$$data)
    __lcnum_c_point                          0x0800ab88   Data           0  lc_numeric_c.o(locale$$data)
    __lcnum_c_thousands                      0x0800ab8a   Data           0  lc_numeric_c.o(locale$$data)
    __lcnum_c_grouping                       0x0800ab8b   Data           0  lc_numeric_c.o(locale$$data)
    locale$$data                             0x0800ab8c   Section      272  lc_ctype_c.o(locale$$data)
    __lcnum_c_end                            0x0800ab8c   Data           0  lc_numeric_c.o(locale$$data)
    __lcctype_c_name                         0x0800ab90   Data           2  lc_ctype_c.o(locale$$data)
    __lcctype_c_start                        0x0800ab98   Data           0  lc_ctype_c.o(locale$$data)
    __lcctype_c_end                          0x0800ac9c   Data           0  lc_ctype_c.o(locale$$data)
    .data                                    0x20000000   Section        1  main.o(.data)
    .data                                    0x20000004   Section       20  system_stm32f10x.o(.data)
    .data                                    0x20000018   Section        4  delay.o(.data)
    fac_us                                   0x20000018   Data           1  delay.o(.data)
    fac_ms                                   0x2000001a   Data           2  delay.o(.data)
    .data                                    0x2000001c   Section       10  usart.o(.data)
    .data                                    0x20000026   Section       20  stm32f10x_rcc.o(.data)
    APBAHBPrescTable                         0x20000026   Data          16  stm32f10x_rcc.o(.data)
    ADCPrescTable                            0x20000036   Data           4  stm32f10x_rcc.o(.data)
    .data                                    0x2000003a   Section        4  lcd1.o(.data)
    .data                                    0x20000040   Section       16  task.o(.data)
    .data                                    0x20000050   Section        1  key1.o(.data)
    key_up                                   0x20000050   Data           1  key1.o(.data)
    .data                                    0x20000054   Section       12  timer.o(.data)
    .data                                    0x20000060   Section        2  usart2.o(.data)
    .data                                    0x20000062   Section        2  fdc2x14.o(.data)
    .bss                                     0x20000068   Section      600  usart.o(.bss)
    .bss                                     0x200002c0   Section       14  lcd1.o(.bss)
    .bss                                     0x200002d0   Section      696  task.o(.bss)
    .bss                                     0x20000588   Section       64  timer.o(.bss)
    .bss                                     0x200005c8   Section      400  usart2.o(.bss)
    .bss                                     0x20000758   Section       32  fdc2x14.o(.bss)
    .bss                                     0x20000778   Section       96  libspace.o(.bss)
    HEAP                                     0x200007d8   Section      512  startup_stm32f10x_hd.o(HEAP)
    Heap_Mem                                 0x200007d8   Data         512  startup_stm32f10x_hd.o(HEAP)
    STACK                                    0x200009d8   Section     1024  startup_stm32f10x_hd.o(STACK)
    Stack_Mem                                0x200009d8   Data        1024  startup_stm32f10x_hd.o(STACK)
    __initial_sp                             0x20000dd8   Data           0  startup_stm32f10x_hd.o(STACK)

    Global Symbols

    Symbol Name                              Value     Ov Type        Size  Object(Section)

    BuildAttributes$$THM_ISAv4$P$D$K$B$S$PE$A:L22UL41UL21$X:L11$S22US41US21$IEEE1$IW$USESV6$~STKCKD$USESV7$~SHL$OTIME$ROPI$IEEEJ$EBA8$UX$STANDARDLIB$REQ8$PRES8$EABIv2 0x00000000   Number         0  anon$$obj.o ABSOLUTE
    __ARM_use_no_argv                        0x00000000   Number         0  main.o ABSOLUTE
    _printf_flags                            0x00000000   Number         0  printf_stubs.o ABSOLUTE
    _printf_return_value                     0x00000000   Number         0  printf_stubs.o ABSOLUTE
    _printf_sizespec                         0x00000000   Number         0  printf_stubs.o ABSOLUTE
    _printf_widthprec                        0x00000000   Number         0  printf_stubs.o ABSOLUTE
    __ARM_exceptions_init                     - Undefined Weak Reference
    __alloca_initialize                       - Undefined Weak Reference
    __arm_preinit_                            - Undefined Weak Reference
    __cpp_initialize__aeabi_                  - Undefined Weak Reference
    __cxa_finalize                            - Undefined Weak Reference
    __sigvec_lookup                           - Undefined Weak Reference
    _atexit_init                              - Undefined Weak Reference
    _call_atexit_fns                          - Undefined Weak Reference
    _clock_init                               - Undefined Weak Reference
    _fp_trap_init                             - Undefined Weak Reference
    _fp_trap_shutdown                         - Undefined Weak Reference
    _get_lc_collate                           - Undefined Weak Reference
    _get_lc_monetary                          - Undefined Weak Reference
    _get_lc_time                              - Undefined Weak Reference
    _getenv_init                              - Undefined Weak Reference
    _handle_redirection                       - Undefined Weak Reference
    _init_alloc                               - Undefined Weak Reference
    _init_user_alloc                          - Undefined Weak Reference
    _initio                                   - Undefined Weak Reference
    _mutex_acquire                            - Undefined Weak Reference
    _mutex_release                            - Undefined Weak Reference
    _printf_fp_hex                            - Undefined Weak Reference
    _printf_mbtowc                            - Undefined Weak Reference
    _printf_wc                                - Undefined Weak Reference
    _rand_init                                - Undefined Weak Reference
    _signal_finish                            - Undefined Weak Reference
    _signal_init                              - Undefined Weak Reference
    _terminate_alloc                          - Undefined Weak Reference
    _terminate_user_alloc                     - Undefined Weak Reference
    _terminateio                              - Undefined Weak Reference
    __Vectors_Size                           0x00000130   Number         0  startup_stm32f10x_hd.o ABSOLUTE
    __Vectors                                0x08000000   Data           4  startup_stm32f10x_hd.o(RESET)
    __Vectors_End                            0x08000130   Data           0  startup_stm32f10x_hd.o(RESET)
    __main                                   0x08000131   Thumb Code     8  __main.o(!!!main)
    __scatterload                            0x08000139   Thumb Code     0  __scatter.o(!!!scatter)
    __scatterload_rt2                        0x08000139   Thumb Code    44  __scatter.o(!!!scatter)
    __scatterload_rt2_thumb_only             0x08000139   Thumb Code     0  __scatter.o(!!!scatter)
    __scatterload_null                       0x08000147   Thumb Code     0  __scatter.o(!!!scatter)
    __scatterload_copy                       0x0800016d   Thumb Code    26  __scatter_copy.o(!!handler_copy)
    __scatterload_zeroinit                   0x08000189   Thumb Code    28  __scatter_zi.o(!!handler_zi)
    _printf_n                                0x080001a5   Thumb Code     0  _printf_n.o(.ARM.Collect$$_printf_percent$$00000001)
    _printf_percent                          0x080001a5   Thumb Code     0  _printf_percent.o(.ARM.Collect$$_printf_percent$$00000000)
    _printf_p                                0x080001ab   Thumb Code     0  _printf_p.o(.ARM.Collect$$_printf_percent$$00000002)
    _printf_f                                0x080001b1   Thumb Code     0  _printf_f.o(.ARM.Collect$$_printf_percent$$00000003)
    _printf_e                                0x080001b7   Thumb Code     0  _printf_e.o(.ARM.Collect$$_printf_percent$$00000004)
    _printf_g                                0x080001bd   Thumb Code     0  _printf_g.o(.ARM.Collect$$_printf_percent$$00000005)
    _printf_a                                0x080001c3   Thumb Code     0  _printf_a.o(.ARM.Collect$$_printf_percent$$00000006)
    _printf_ll                               0x080001c9   Thumb Code     0  _printf_ll.o(.ARM.Collect$$_printf_percent$$00000007)
    _printf_i                                0x080001d3   Thumb Code     0  _printf_i.o(.ARM.Collect$$_printf_percent$$00000008)
    _printf_d                                0x080001d9   Thumb Code     0  _printf_d.o(.ARM.Collect$$_printf_percent$$00000009)
    _printf_u                                0x080001df   Thumb Code     0  _printf_u.o(.ARM.Collect$$_printf_percent$$0000000A)
    _printf_o                                0x080001e5   Thumb Code     0  _printf_o.o(.ARM.Collect$$_printf_percent$$0000000B)
    _printf_x                                0x080001eb   Thumb Code     0  _printf_x.o(.ARM.Collect$$_printf_percent$$0000000C)
    _printf_lli                              0x080001f1   Thumb Code     0  _printf_lli.o(.ARM.Collect$$_printf_percent$$0000000D)
    _printf_lld                              0x080001f7   Thumb Code     0  _printf_lld.o(.ARM.Collect$$_printf_percent$$0000000E)
    _printf_llu                              0x080001fd   Thumb Code     0  _printf_llu.o(.ARM.Collect$$_printf_percent$$0000000F)
    _printf_llo                              0x08000203   Thumb Code     0  _printf_llo.o(.ARM.Collect$$_printf_percent$$00000010)
    _printf_llx                              0x08000209   Thumb Code     0  _printf_llx.o(.ARM.Collect$$_printf_percent$$00000011)
    _printf_l                                0x0800020f   Thumb Code     0  _printf_l.o(.ARM.Collect$$_printf_percent$$00000012)
    _printf_c                                0x08000219   Thumb Code     0  _printf_c.o(.ARM.Collect$$_printf_percent$$00000013)
    _printf_s                                0x0800021f   Thumb Code     0  _printf_s.o(.ARM.Collect$$_printf_percent$$00000014)
    _printf_lc                               0x08000225   Thumb Code     0  _printf_lc.o(.ARM.Collect$$_printf_percent$$00000015)
    _printf_ls                               0x0800022b   Thumb Code     0  _printf_ls.o(.ARM.Collect$$_printf_percent$$00000016)
    _printf_percent_end                      0x08000231   Thumb Code     0  _printf_percent_end.o(.ARM.Collect$$_printf_percent$$00000017)
    __rt_lib_init                            0x08000235   Thumb Code     0  libinit.o(.ARM.Collect$$libinit$$00000000)
    __rt_lib_init_fp_1                       0x08000237   Thumb Code     0  libinit2.o(.ARM.Collect$$libinit$$00000002)
    __rt_lib_init_heap_1                     0x08000237   Thumb Code     0  libinit2.o(.ARM.Collect$$libinit$$0000000A)
    __rt_lib_init_lc_common                  0x08000237   Thumb Code     0  libinit2.o(.ARM.Collect$$libinit$$0000000F)
    __rt_lib_init_preinit_1                  0x08000237   Thumb Code     0  libinit2.o(.ARM.Collect$$libinit$$00000004)
    __rt_lib_init_rand_1                     0x08000237   Thumb Code     0  libinit2.o(.ARM.Collect$$libinit$$0000000E)
    __rt_lib_init_user_alloc_1               0x08000237   Thumb Code     0  libinit2.o(.ARM.Collect$$libinit$$0000000C)
    __rt_lib_init_lc_collate_1               0x0800023d   Thumb Code     0  libinit2.o(.ARM.Collect$$libinit$$00000011)
    __rt_lib_init_lc_ctype_2                 0x0800023d   Thumb Code     0  libinit2.o(.ARM.Collect$$libinit$$00000012)
    __rt_lib_init_lc_ctype_1                 0x08000249   Thumb Code     0  libinit2.o(.ARM.Collect$$libinit$$00000013)
    __rt_lib_init_lc_monetary_1              0x08000249   Thumb Code     0  libinit2.o(.ARM.Collect$$libinit$$00000015)
    __rt_lib_init_lc_numeric_2               0x08000249   Thumb Code     0  libinit2.o(.ARM.Collect$$libinit$$00000016)
    __rt_lib_init_alloca_1                   0x08000253   Thumb Code     0  libinit2.o(.ARM.Collect$$libinit$$0000002E)
    __rt_lib_init_argv_1                     0x08000253   Thumb Code     0  libinit2.o(.ARM.Collect$$libinit$$0000002C)
    __rt_lib_init_atexit_1                   0x08000253   Thumb Code     0  libinit2.o(.ARM.Collect$$libinit$$0000001B)
    __rt_lib_init_clock_1                    0x08000253   Thumb Code     0  libinit2.o(.ARM.Collect$$libinit$$00000021)
    __rt_lib_init_cpp_1                      0x08000253   Thumb Code     0  libinit2.o(.ARM.Collect$$libinit$$00000032)
    __rt_lib_init_exceptions_1               0x08000253   Thumb Code     0  libinit2.o(.ARM.Collect$$libinit$$00000030)
    __rt_lib_init_fp_trap_1                  0x08000253   Thumb Code     0  libinit2.o(.ARM.Collect$$libinit$$0000001F)
    __rt_lib_init_getenv_1                   0x08000253   Thumb Code     0  libinit2.o(.ARM.Collect$$libinit$$00000023)
    __rt_lib_init_lc_numeric_1               0x08000253   Thumb Code     0  libinit2.o(.ARM.Collect$$libinit$$00000017)
    __rt_lib_init_lc_time_1                  0x08000253   Thumb Code     0  libinit2.o(.ARM.Collect$$libinit$$00000019)
    __rt_lib_init_return                     0x08000253   Thumb Code     0  libinit2.o(.ARM.Collect$$libinit$$00000033)
    __rt_lib_init_signal_1                   0x08000253   Thumb Code     0  libinit2.o(.ARM.Collect$$libinit$$0000001D)
    __rt_lib_init_stdio_1                    0x08000253   Thumb Code     0  libinit2.o(.ARM.Collect$$libinit$$00000025)
    __rt_lib_shutdown                        0x08000255   Thumb Code     0  libshutdown.o(.ARM.Collect$$libshutdown$$00000000)
    __rt_lib_shutdown_fp_trap_1              0x08000257   Thumb Code     0  libshutdown2.o(.ARM.Collect$$libshutdown$$00000006)
    __rt_lib_shutdown_heap_1                 0x08000257   Thumb Code     0  libshutdown2.o(.ARM.Collect$$libshutdown$$0000000E)
    __rt_lib_shutdown_return                 0x08000257   Thumb Code     0  libshutdown2.o(.ARM.Collect$$libshutdown$$0000000F)
    __rt_lib_shutdown_signal_1               0x08000257   Thumb Code     0  libshutdown2.o(.ARM.Collect$$libshutdown$$00000009)
    __rt_lib_shutdown_stdio_1                0x08000257   Thumb Code     0  libshutdown2.o(.ARM.Collect$$libshutdown$$00000003)
    __rt_lib_shutdown_user_alloc_1           0x08000257   Thumb Code     0  libshutdown2.o(.ARM.Collect$$libshutdown$$0000000B)
    __rt_entry                               0x08000259   Thumb Code     0  __rtentry.o(.ARM.Collect$$rtentry$$00000000)
    __rt_entry_presh_1                       0x08000259   Thumb Code     0  __rtentry2.o(.ARM.Collect$$rtentry$$00000002)
    __rt_entry_sh                            0x08000259   Thumb Code     0  __rtentry4.o(.ARM.Collect$$rtentry$$00000004)
    __rt_entry_li                            0x0800025f   Thumb Code     0  __rtentry2.o(.ARM.Collect$$rtentry$$0000000A)
    __rt_entry_postsh_1                      0x0800025f   Thumb Code     0  __rtentry2.o(.ARM.Collect$$rtentry$$00000009)
    __rt_entry_main                          0x08000263   Thumb Code     0  __rtentry2.o(.ARM.Collect$$rtentry$$0000000D)
    __rt_entry_postli_1                      0x08000263   Thumb Code     0  __rtentry2.o(.ARM.Collect$$rtentry$$0000000C)
    __rt_exit                                0x0800026b   Thumb Code     0  rtexit.o(.ARM.Collect$$rtexit$$00000000)
    __rt_exit_ls                             0x0800026d   Thumb Code     0  rtexit2.o(.ARM.Collect$$rtexit$$00000003)
    __rt_exit_prels_1                        0x0800026d   Thumb Code     0  rtexit2.o(.ARM.Collect$$rtexit$$00000002)
    __rt_exit_exit                           0x08000271   Thumb Code     0  rtexit2.o(.ARM.Collect$$rtexit$$00000004)
    Reset_Handler                            0x08000279   Thumb Code     8  startup_stm32f10x_hd.o(.text)
    ADC1_2_IRQHandler                        0x08000293   Thumb Code     0  startup_stm32f10x_hd.o(.text)
    ADC3_IRQHandler                          0x08000293   Thumb Code     0  startup_stm32f10x_hd.o(.text)
    CAN1_RX1_IRQHandler                      0x08000293   Thumb Code     0  startup_stm32f10x_hd.o(.text)
    CAN1_SCE_IRQHandler                      0x08000293   Thumb Code     0  startup_stm32f10x_hd.o(.text)
    DMA1_Channel1_IRQHandler                 0x08000293   Thumb Code     0  startup_stm32f10x_hd.o(.text)
    DMA1_Channel2_IRQHandler                 0x08000293   Thumb Code     0  startup_stm32f10x_hd.o(.text)
    DMA1_Channel3_IRQHandler                 0x08000293   Thumb Code     0  startup_stm32f10x_hd.o(.text)
    DMA1_Channel4_IRQHandler                 0x08000293   Thumb Code     0  startup_stm32f10x_hd.o(.text)
    DMA1_Channel5_IRQHandler                 0x08000293   Thumb Code     0  startup_stm32f10x_hd.o(.text)
    DMA1_Channel6_IRQHandler                 0x08000293   Thumb Code     0  startup_stm32f10x_hd.o(.text)
    DMA1_Channel7_IRQHandler                 0x08000293   Thumb Code     0  startup_stm32f10x_hd.o(.text)
    DMA2_Channel1_IRQHandler                 0x08000293   Thumb Code     0  startup_stm32f10x_hd.o(.text)
    DMA2_Channel2_IRQHandler                 0x08000293   Thumb Code     0  startup_stm32f10x_hd.o(.text)
    DMA2_Channel3_IRQHandler                 0x08000293   Thumb Code     0  startup_stm32f10x_hd.o(.text)
    DMA2_Channel4_5_IRQHandler               0x08000293   Thumb Code     0  startup_stm32f10x_hd.o(.text)
    EXTI0_IRQHandler                         0x08000293   Thumb Code     0  startup_stm32f10x_hd.o(.text)
    EXTI15_10_IRQHandler                     0x08000293   Thumb Code     0  startup_stm32f10x_hd.o(.text)
    EXTI1_IRQHandler                         0x08000293   Thumb Code     0  startup_stm32f10x_hd.o(.text)
    EXTI2_IRQHandler                         0x08000293   Thumb Code     0  startup_stm32f10x_hd.o(.text)
    EXTI3_IRQHandler                         0x08000293   Thumb Code     0  startup_stm32f10x_hd.o(.text)
    EXTI4_IRQHandler                         0x08000293   Thumb Code     0  startup_stm32f10x_hd.o(.text)
    EXTI9_5_IRQHandler                       0x08000293   Thumb Code     0  startup_stm32f10x_hd.o(.text)
    FLASH_IRQHandler                         0x08000293   Thumb Code     0  startup_stm32f10x_hd.o(.text)
    FSMC_IRQHandler                          0x08000293   Thumb Code     0  startup_stm32f10x_hd.o(.text)
    I2C1_ER_IRQHandler                       0x08000293   Thumb Code     0  startup_stm32f10x_hd.o(.text)
    I2C1_EV_IRQHandler                       0x08000293   Thumb Code     0  startup_stm32f10x_hd.o(.text)
    I2C2_ER_IRQHandler                       0x08000293   Thumb Code     0  startup_stm32f10x_hd.o(.text)
    I2C2_EV_IRQHandler                       0x08000293   Thumb Code     0  startup_stm32f10x_hd.o(.text)
    PVD_IRQHandler                           0x08000293   Thumb Code     0  startup_stm32f10x_hd.o(.text)
    RCC_IRQHandler                           0x08000293   Thumb Code     0  startup_stm32f10x_hd.o(.text)
    RTCAlarm_IRQHandler                      0x08000293   Thumb Code     0  startup_stm32f10x_hd.o(.text)
    RTC_IRQHandler                           0x08000293   Thumb Code     0  startup_stm32f10x_hd.o(.text)
    SDIO_IRQHandler                          0x08000293   Thumb Code     0  startup_stm32f10x_hd.o(.text)
    SPI1_IRQHandler                          0x08000293   Thumb Code     0  startup_stm32f10x_hd.o(.text)
    SPI2_IRQHandler                          0x08000293   Thumb Code     0  startup_stm32f10x_hd.o(.text)
    SPI3_IRQHandler                          0x08000293   Thumb Code     0  startup_stm32f10x_hd.o(.text)
    TAMPER_IRQHandler                        0x08000293   Thumb Code     0  startup_stm32f10x_hd.o(.text)
    TIM1_BRK_IRQHandler                      0x08000293   Thumb Code     0  startup_stm32f10x_hd.o(.text)
    TIM1_CC_IRQHandler                       0x08000293   Thumb Code     0  startup_stm32f10x_hd.o(.text)
    TIM1_TRG_COM_IRQHandler                  0x08000293   Thumb Code     0  startup_stm32f10x_hd.o(.text)
    TIM1_UP_IRQHandler                       0x08000293   Thumb Code     0  startup_stm32f10x_hd.o(.text)
    TIM2_IRQHandler                          0x08000293   Thumb Code     0  startup_stm32f10x_hd.o(.text)
    TIM5_IRQHandler                          0x08000293   Thumb Code     0  startup_stm32f10x_hd.o(.text)
    TIM6_IRQHandler                          0x08000293   Thumb Code     0  startup_stm32f10x_hd.o(.text)
    TIM7_IRQHandler                          0x08000293   Thumb Code     0  startup_stm32f10x_hd.o(.text)
    TIM8_BRK_IRQHandler                      0x08000293   Thumb Code     0  startup_stm32f10x_hd.o(.text)
    TIM8_CC_IRQHandler                       0x08000293   Thumb Code     0  startup_stm32f10x_hd.o(.text)
    TIM8_TRG_COM_IRQHandler                  0x08000293   Thumb Code     0  startup_stm32f10x_hd.o(.text)
    TIM8_UP_IRQHandler                       0x08000293   Thumb Code     0  startup_stm32f10x_hd.o(.text)
    UART4_IRQHandler                         0x08000293   Thumb Code     0  startup_stm32f10x_hd.o(.text)
    UART5_IRQHandler                         0x08000293   Thumb Code     0  startup_stm32f10x_hd.o(.text)
    USART2_IRQHandler                        0x08000293   Thumb Code     0  startup_stm32f10x_hd.o(.text)
    USART3_IRQHandler                        0x08000293   Thumb Code     0  startup_stm32f10x_hd.o(.text)
    USBWakeUp_IRQHandler                     0x08000293   Thumb Code     0  startup_stm32f10x_hd.o(.text)
    USB_HP_CAN1_TX_IRQHandler                0x08000293   Thumb Code     0  startup_stm32f10x_hd.o(.text)
    USB_LP_CAN1_RX0_IRQHandler               0x08000293   Thumb Code     0  startup_stm32f10x_hd.o(.text)
    WWDG_IRQHandler                          0x08000293   Thumb Code     0  startup_stm32f10x_hd.o(.text)
    __user_initial_stackheap                 0x08000295   Thumb Code     0  startup_stm32f10x_hd.o(.text)
    __use_no_semihosting                     0x080002b9   Thumb Code     2  use_no_semi_2.o(.text)
    __c89vsprintf                            0x080002bd   Thumb Code    32  c89vsprintf.o(.text)
    __2printf                                0x080002e1   Thumb Code    20  __2printf.o(.text)
    __2sprintf                               0x080002f9   Thumb Code    38  __2sprintf.o(.text)
    _printf_str                              0x08000325   Thumb Code    82  _printf_str.o(.text)
    _printf_int_dec                          0x08000379   Thumb Code   104  _printf_dec.o(.text)
    _printf_longlong_hex                     0x080003f1   Thumb Code    86  _printf_hex_int_ll_ptr.o(.text)
    _printf_int_hex                          0x08000447   Thumb Code    28  _printf_hex_int_ll_ptr.o(.text)
    _printf_ll_hex                           0x08000463   Thumb Code    12  _printf_hex_int_ll_ptr.o(.text)
    _printf_hex_ptr                          0x0800046f   Thumb Code    18  _printf_hex_int_ll_ptr.o(.text)
    __printf                                 0x08000485   Thumb Code   388  __printf_flags_ss_wp.o(.text)
    strlen                                   0x0800060d   Thumb Code    62  strlen.o(.text)
    __use_two_region_memory                  0x0800064b   Thumb Code     2  heapauxi.o(.text)
    __rt_heap_escrow$2region                 0x0800064d   Thumb Code     2  heapauxi.o(.text)
    __rt_heap_expand$2region                 0x0800064f   Thumb Code     2  heapauxi.o(.text)
    __I$use$semihosting                      0x08000651   Thumb Code     0  use_no_semi.o(.text)
    __use_no_semihosting_swi                 0x08000651   Thumb Code     2  use_no_semi.o(.text)
    _printf_pre_padding                      0x08000653   Thumb Code    44  _printf_pad.o(.text)
    _printf_post_padding                     0x0800067f   Thumb Code    34  _printf_pad.o(.text)
    _printf_truncate_signed                  0x080006a1   Thumb Code    18  _printf_truncate.o(.text)
    _printf_truncate_unsigned                0x080006b3   Thumb Code    18  _printf_truncate.o(.text)
    _printf_int_common                       0x080006c5   Thumb Code   178  _printf_intcommon.o(.text)
    _printf_charcount                        0x08000777   Thumb Code    40  _printf_charcount.o(.text)
    _printf_char_common                      0x080007ab   Thumb Code    32  _printf_char_common.o(.text)
    _sputc                                   0x080007d1   Thumb Code    10  _sputc.o(.text)
    _printf_cs_common                        0x080007db   Thumb Code    20  _printf_char.o(.text)
    _printf_char                             0x080007ef   Thumb Code    16  _printf_char.o(.text)
    _printf_string                           0x080007ff   Thumb Code     8  _printf_char.o(.text)
    _printf_char_file                        0x08000809   Thumb Code    32  _printf_char_file.o(.text)
    _printf_wctomb                           0x0800082d   Thumb Code   182  _printf_wctomb.o(.text)
    _printf_longlong_dec                     0x080008e9   Thumb Code   108  _printf_longlong_dec.o(.text)
    _printf_longlong_oct                     0x08000965   Thumb Code    68  _printf_oct_int_ll.o(.text)
    _printf_int_oct                          0x080009a9   Thumb Code    24  _printf_oct_int_ll.o(.text)
    _printf_ll_oct                           0x080009c1   Thumb Code    12  _printf_oct_int_ll.o(.text)
    _ll_udiv10                               0x080009d5   Thumb Code   138  lludiv10.o(.text)
    __lib_sel_fp_printf                      0x08000a5f   Thumb Code     2  _printf_fp_dec.o(.text)
    _printf_fp_dec_real                      0x08000c0d   Thumb Code   620  _printf_fp_dec.o(.text)
    _printf_lcs_common                       0x08000e79   Thumb Code    20  _printf_wchar.o(.text)
    _printf_wchar                            0x08000e8d   Thumb Code    16  _printf_wchar.o(.text)
    _printf_wstring                          0x08000e9d   Thumb Code     8  _printf_wchar.o(.text)
    ferror                                   0x08000ea5   Thumb Code     8  ferror.o(.text)
    _wcrtomb                                 0x08000ead   Thumb Code    64  _wcrtomb.o(.text)
    __user_setup_stackheap                   0x08000eed   Thumb Code    74  sys_stackheap_outer.o(.text)
    __rt_ctype_table                         0x08000f39   Thumb Code    16  rt_ctype_table.o(.text)
    __rt_locale                              0x08000f49   Thumb Code     8  rt_locale_intlibspace.o(.text)
    _printf_fp_infnan                        0x08000f51   Thumb Code   112  _printf_fp_infnan.o(.text)
    _btod_etento                             0x08000fd1   Thumb Code   216  bigflt0.o(.text)
    exit                                     0x080010ad   Thumb Code    12  exit.o(.text)
    __user_libspace                          0x080010b9   Thumb Code     8  libspace.o(.text)
    __user_perproc_libspace                  0x080010b9   Thumb Code     0  libspace.o(.text)
    __user_perthread_libspace                0x080010b9   Thumb Code     0  libspace.o(.text)
    strcmp                                   0x080010c1   Thumb Code   128  strcmpv7m.o(.text)
    _btod_d2e                                0x08001141   Thumb Code    62  btod.o(CL$$btod_d2e)
    _d2e_denorm_low                          0x0800117f   Thumb Code    70  btod.o(CL$$btod_d2e_denorm_low)
    _d2e_norm_op1                            0x080011c5   Thumb Code    96  btod.o(CL$$btod_d2e_norm_op1)
    __btod_div_common                        0x08001225   Thumb Code   696  btod.o(CL$$btod_div_common)
    _e2e                                     0x0800155d   Thumb Code   198  btod.o(CL$$btod_e2e)
    _btod_ediv                               0x08001623   Thumb Code    40  btod.o(CL$$btod_ediv)
    _btod_emul                               0x0800164b   Thumb Code    40  btod.o(CL$$btod_emul)
    __btod_mult_common                       0x08001673   Thumb Code   580  btod.o(CL$$btod_mult_common)
    ADS_clock                                0x080018b9   Thumb Code    26  myiic.o(i.ADS_clock)
    ADS_delay                                0x080018dd   Thumb Code    14  myiic.o(i.ADS_delay)
    BSP_Init                                 0x080018eb   Thumb Code    30  main.o(i.BSP_Init)
    BusFault_Handler                         0x08001909   Thumb Code     4  stm32f10x_it.o(i.BusFault_Handler)
    Calibrate                                0x0800190d   Thumb Code   166  timer.o(i.Calibrate)
    DMA_Cmd                                  0x080019dd   Thumb Code    24  stm32f10x_dma.o(i.DMA_Cmd)
    DMA_DeInit                               0x080019f5   Thumb Code   324  stm32f10x_dma.o(i.DMA_DeInit)
    DMA_GetCurrDataCounter                   0x08001b41   Thumb Code     8  stm32f10x_dma.o(i.DMA_GetCurrDataCounter)
    DMA_Init                                 0x08001b49   Thumb Code    60  stm32f10x_dma.o(i.DMA_Init)
    DMA_SetCurrDataCounter                   0x08001b85   Thumb Code     4  stm32f10x_dma.o(i.DMA_SetCurrDataCounter)
    DebugMon_Handler                         0x08001b89   Thumb Code     2  stm32f10x_it.o(i.DebugMon_Handler)
    FDC2X14Init                              0x08001b8d   Thumb Code    36  fdc2x14.o(i.FDC2X14Init)
    FDC2X14ReadCH                            0x08001bb5   Thumb Code   110  fdc2x14.o(i.FDC2X14ReadCH)
    FDC2X14_Init                             0x08001c2d   Thumb Code   214  fdc2x14.o(i.FDC2X14_Init)
    FSMC_NORSRAMCmd                          0x08001d0d   Thumb Code    46  stm32f10x_fsmc.o(i.FSMC_NORSRAMCmd)
    FSMC_NORSRAMInit                         0x08001d41   Thumb Code   230  stm32f10x_fsmc.o(i.FSMC_NORSRAMInit)
    GPIO_Init                                0x08001e27   Thumb Code   278  stm32f10x_gpio.o(i.GPIO_Init)
    GPIO_ReadInputDataBit                    0x08001f3d   Thumb Code    18  stm32f10x_gpio.o(i.GPIO_ReadInputDataBit)
    GPIO_ResetBits                           0x08001f4f   Thumb Code     4  stm32f10x_gpio.o(i.GPIO_ResetBits)
    GPIO_SetBits                             0x08001f53   Thumb Code     4  stm32f10x_gpio.o(i.GPIO_SetBits)
    HARDWARE_Init                            0x08001f59   Thumb Code   102  init.o(i.HARDWARE_Init)
    HC05_Init                                0x08001fe5   Thumb Code   204  hc05.o(i.HC05_Init)
    HardFault_Handler                        0x080020d1   Thumb Code     4  stm32f10x_it.o(i.HardFault_Handler)
    IIC_Ack                                  0x080020d5   Thumb Code    66  myiic.o(i.IIC_Ack)
    IIC_Init                                 0x08002125   Thumb Code    46  myiic.o(i.IIC_Init)
    IIC_Read_Byte                            0x08002159   Thumb Code    70  myiic.o(i.IIC_Read_Byte)
    IIC_Send_Byte                            0x080021a9   Thumb Code    80  myiic.o(i.IIC_Send_Byte)
    IIC_Start                                0x08002201   Thumb Code    66  myiic.o(i.IIC_Start)
    IIC_Stop                                 0x08002251   Thumb Code    58  myiic.o(i.IIC_Stop)
    IIC_Wait_Ack                             0x08002299   Thumb Code    88  myiic.o(i.IIC_Wait_Ack)
    KEY_Init                                 0x080022fd   Thumb Code    52  key1.o(i.KEY_Init)
    KEY_Scan                                 0x08002339   Thumb Code   150  key1.o(i.KEY_Scan)
    LCDShowMoraJudgeInfo                     0x080023dd   Thumb Code   190  lcdinfo.o(i.LCDShowMoraJudgeInfo)
    LCDShowMoraSelectInfo                    0x08002535   Thumb Code    84  lcdinfo.o(i.LCDShowMoraSelectInfo)
    LCDShowMoraTrainInfo                     0x080025c9   Thumb Code   160  lcdinfo.o(i.LCDShowMoraTrainInfo)
    LCDShowRowingJudgeInfo                   0x080026e9   Thumb Code   234  lcdinfo.o(i.LCDShowRowingJudgeInfo)
    LCDShowRowingSelectInfo                  0x08002865   Thumb Code    84  lcdinfo.o(i.LCDShowRowingSelectInfo)
    LCDShowRowingTrainInfo                   0x080028f9   Thumb Code   200  lcdinfo.o(i.LCDShowRowingTrainInfo)
    LCD_Clear                                0x08002a61   Thumb Code   100  lcd1.o(i.LCD_Clear)
    LCD_Display_Dir                          0x08002acd   Thumb Code   444  lcd1.o(i.LCD_Display_Dir)
    LCD_Fast_DrawPoint                       0x08002c8d   Thumb Code   370  lcd1.o(i.LCD_Fast_DrawPoint)
    LCD_Init                                 0x08002e09   Thumb Code 14180  lcd1.o(i.LCD_Init)
    LCD_Pow                                  0x08006575   Thumb Code    22  lcd1.o(i.LCD_Pow)
    LCD_RD_DATA                              0x0800658d   Thumb Code    14  lcd1.o(i.LCD_RD_DATA)
    LCD_ReadReg                              0x080065a1   Thumb Code    22  lcd1.o(i.LCD_ReadReg)
    LCD_SSD_BackLightSet                     0x080065b9   Thumb Code    80  lcd1.o(i.LCD_SSD_BackLightSet)
    LCD_Scan_Dir                             0x0800660d   Thumb Code   744  lcd1.o(i.LCD_Scan_Dir)
    LCD_SetCursor                            0x080068f9   Thumb Code   418  lcd1.o(i.LCD_SetCursor)
    LCD_ShowChar                             0x08006aa1   Thumb Code   272  lcd1.o(i.LCD_ShowChar)
    LCD_ShowString                           0x08006bc9   Thumb Code   102  lcd1.o(i.LCD_ShowString)
    LCD_ShowxNum                             0x08006c2f   Thumb Code   190  lcd1.o(i.LCD_ShowxNum)
    LCD_WR_DATA                              0x08006ced   Thumb Code     6  lcd1.o(i.LCD_WR_DATA)
    LCD_WR_REG                               0x08006cf9   Thumb Code     6  lcd1.o(i.LCD_WR_REG)
    LCD_WriteRAM_Prepare                     0x08006d05   Thumb Code    10  lcd1.o(i.LCD_WriteRAM_Prepare)
    LCD_WriteReg                             0x08006d19   Thumb Code    10  lcd1.o(i.LCD_WriteReg)
    LED_Init                                 0x08006d29   Thumb Code    46  led.o(i.LED_Init)
    LcdShowData                              0x08006d5d   Thumb Code   320  lcdinfo.o(i.LcdShowData)
    MemManage_Handler                        0x08006ef1   Thumb Code     4  stm32f10x_it.o(i.MemManage_Handler)
    NMI_Handler                              0x08006ef5   Thumb Code     2  stm32f10x_it.o(i.NMI_Handler)
    NVIC_Init                                0x08006ef9   Thumb Code   100  misc.o(i.NVIC_Init)
    NVIC_PriorityGroupConfig                 0x08006f69   Thumb Code    10  misc.o(i.NVIC_PriorityGroupConfig)
    PendSV_Handler                           0x08006f7d   Thumb Code     2  stm32f10x_it.o(i.PendSV_Handler)
    RCC_AHBPeriphClockCmd                    0x08006f81   Thumb Code    26  stm32f10x_rcc.o(i.RCC_AHBPeriphClockCmd)
    RCC_APB1PeriphClockCmd                   0x08006fa1   Thumb Code    26  stm32f10x_rcc.o(i.RCC_APB1PeriphClockCmd)
    RCC_APB1PeriphResetCmd                   0x08006fc1   Thumb Code    26  stm32f10x_rcc.o(i.RCC_APB1PeriphResetCmd)
    RCC_APB2PeriphClockCmd                   0x08006fe1   Thumb Code    26  stm32f10x_rcc.o(i.RCC_APB2PeriphClockCmd)
    RCC_APB2PeriphResetCmd                   0x08007001   Thumb Code    26  stm32f10x_rcc.o(i.RCC_APB2PeriphResetCmd)
    RCC_GetClocksFreq                        0x08007021   Thumb Code   192  stm32f10x_rcc.o(i.RCC_GetClocksFreq)
    ReadFDC2X14                              0x080070f5   Thumb Code   306  fdc2x14.o(i.ReadFDC2X14)
    SOFTWARE_Init                            0x08007231   Thumb Code    26  init.o(i.SOFTWARE_Init)
    SVC_Handler                              0x0800724b   Thumb Code     2  stm32f10x_it.o(i.SVC_Handler)
    SetFDC2X14                               0x0800724d   Thumb Code   100  fdc2x14.o(i.SetFDC2X14)
    SysTick_CLKSourceConfig                  0x080073a1   Thumb Code    40  misc.o(i.SysTick_CLKSourceConfig)
    SysTick_Handler                          0x080073c9   Thumb Code     2  stm32f10x_it.o(i.SysTick_Handler)
    SystemInit                               0x080073cd   Thumb Code    78  system_stm32f10x.o(i.SystemInit)
    TIM3_IRQHandler                          0x0800742d   Thumb Code   238  timer.o(i.TIM3_IRQHandler)
    TIM3_Int_Init                            0x08007545   Thumb Code    90  timer.o(i.TIM3_Int_Init)
    TIM4_IRQHandler                          0x080075a5   Thumb Code    40  usart.o(i.TIM4_IRQHandler)
    TIM4_Init                                0x080075d5   Thumb Code    82  usart.o(i.TIM4_Init)
    TIM4_Set                                 0x0800762d   Thumb Code    34  usart.o(i.TIM4_Set)
    TIM_ClearITPendingBit                    0x08007655   Thumb Code     6  stm32f10x_tim.o(i.TIM_ClearITPendingBit)
    TIM_Cmd                                  0x0800765b   Thumb Code    24  stm32f10x_tim.o(i.TIM_Cmd)
    TIM_GetITStatus                          0x08007673   Thumb Code    34  stm32f10x_tim.o(i.TIM_GetITStatus)
    TIM_ITConfig                             0x08007695   Thumb Code    18  stm32f10x_tim.o(i.TIM_ITConfig)
    TIM_SetCounter                           0x080076a7   Thumb Code     4  stm32f10x_tim.o(i.TIM_SetCounter)
    TIM_TimeBaseInit                         0x080076ad   Thumb Code   122  stm32f10x_tim.o(i.TIM_TimeBaseInit)
    Task1                                    0x08007751   Thumb Code   292  task.o(i.Task1)
    Task2                                    0x080078a9   Thumb Code   250  task.o(i.Task2)
    Task3                                    0x08007a01   Thumb Code  2162  task.o(i.Task3)
    Task4                                    0x080082cd   Thumb Code  1456  task.o(i.Task4)
    TrainDataInit                            0x080088b5   Thumb Code    38  task.o(i.TrainDataInit)
    UART_DMA_Config                          0x080088e1   Thumb Code    72  usart.o(i.UART_DMA_Config)
    UART_DMA_Enable                          0x08008929   Thumb Code    32  usart.o(i.UART_DMA_Enable)
    USART1_IRQHandler                        0x08008949   Thumb Code   100  usart.o(i.USART1_IRQHandler)
    USART2_Init                              0x080089c5   Thumb Code   204  usart2.o(i.USART2_Init)
    USART_Cmd                                0x08008aa5   Thumb Code    24  stm32f10x_usart.o(i.USART_Cmd)
    USART_DMACmd                             0x08008abd   Thumb Code    18  stm32f10x_usart.o(i.USART_DMACmd)
    USART_DeInit                             0x08008ad1   Thumb Code   134  stm32f10x_usart.o(i.USART_DeInit)
    USART_GetITStatus                        0x08008b6d   Thumb Code    84  stm32f10x_usart.o(i.USART_GetITStatus)
    USART_ITConfig                           0x08008bc1   Thumb Code    74  stm32f10x_usart.o(i.USART_ITConfig)
    USART_Init                               0x08008c0d   Thumb Code   210  stm32f10x_usart.o(i.USART_Init)
    USART_ReceiveData                        0x08008ce5   Thumb Code    10  stm32f10x_usart.o(i.USART_ReceiveData)
    UsageFault_Handler                       0x08008cef   Thumb Code     4  stm32f10x_it.o(i.UsageFault_Handler)
    __ARM_fpclassify                         0x08008cf3   Thumb Code    40  fpclassify.o(i.__ARM_fpclassify)
    _is_digit                                0x08008d1b   Thumb Code    14  __printf_wp.o(i._is_digit)
    _sys_exit                                0x08008d29   Thumb Code     6  usart.o(i._sys_exit)
    delay_init                               0x08008d31   Thumb Code    50  delay.o(i.delay_init)
    delay_ms                                 0x08008d75   Thumb Code    72  delay.o(i.delay_ms)
    delay_us                                 0x08008dc1   Thumb Code    72  delay.o(i.delay_us)
    fputc                                    0x08008e0d   Thumb Code    24  usart.o(i.fputc)
    main                                     0x08008e29   Thumb Code   160  main.o(i.main)
    u2_printf                                0x08008eed   Thumb Code    56  usart2.o(i.u2_printf)
    uart_init                                0x08008f2d   Thumb Code   164  usart.o(i.uart_init)
    _get_lc_numeric                          0x08008fe1   Thumb Code    44  lc_numeric_c.o(locale$$code)
    _get_lc_ctype                            0x0800900d   Thumb Code    44  lc_ctype_c.o(locale$$code)
    __aeabi_d2uiz                            0x08009039   Thumb Code     0  dfixu.o(x$fpl$dfixu)
    _dfixu                                   0x08009039   Thumb Code    90  dfixu.o(x$fpl$dfixu)
    __aeabi_ui2d                             0x08009093   Thumb Code     0  dflt_clz.o(x$fpl$dfltu)
    _dfltu                                   0x08009093   Thumb Code    38  dflt_clz.o(x$fpl$dfltu)
    __aeabi_dmul                             0x080090b9   Thumb Code     0  dmul.o(x$fpl$dmul)
    _dmul                                    0x080090b9   Thumb Code   332  dmul.o(x$fpl$dmul)
    __fpl_dnaninf                            0x0800920d   Thumb Code   156  dnaninf.o(x$fpl$dnaninf)
    __fpl_dretinf                            0x080092a9   Thumb Code    12  dretinf.o(x$fpl$dretinf)
    _printf_fp_dec                           0x080092b5   Thumb Code     4  printf1.o(x$fpl$printf1)
    __I$use$fp                               0x080092b8   Number         0  usenofp.o(x$fpl$usenofp)
    asc2_1206                                0x080092b8   Data        1140  lcd1.o(.constdata)
    asc2_1608                                0x0800972c   Data        1520  lcd1.o(.constdata)
    asc2_2412                                0x08009d1c   Data        3420  lcd1.o(.constdata)
    Region$$Table$$Base                      0x0800ab50   Number         0  anon$$obj.o(Region$$Table)
    Region$$Table$$Limit                     0x0800ab70   Number         0  anon$$obj.o(Region$$Table)
    __ctype                                  0x0800ab99   Data           0  lc_ctype_c.o(locale$$data)
    Instruction                              0x20000000   Data           1  main.o(.data)
    SystemCoreClock                          0x20000004   Data           4  system_stm32f10x.o(.data)
    AHBPrescTable                            0x20000008   Data          16  system_stm32f10x.o(.data)
    USART1_RX_STA                            0x2000001c   Data           2  usart.o(.data)
    __stdout                                 0x20000020   Data           4  usart.o(.data)
    USART_RX_STA                             0x20000024   Data           2  usart.o(.data)
    POINT_COLOR                              0x2000003a   Data           2  lcd1.o(.data)
    BACK_COLOR                               0x2000003c   Data           2  lcd1.o(.data)
    FirstEnterFlag1                          0x20000040   Data           1  task.o(.data)
    FirstEnterFlag2                          0x20000041   Data           1  task.o(.data)
    FirstEnterFlag3                          0x20000042   Data           1  task.o(.data)
    FirstEnterFlag4                          0x20000043   Data           1  task.o(.data)
    publicFlagAll                            0x20000044   Data           1  task.o(.data)
    offset_Min                               0x20000048   Data           4  task.o(.data)
    my_index                                 0x2000004c   Data           4  task.o(.data)
    CalibFlag                                0x20000054   Data           2  timer.o(.data)
    AveFlag                                  0x20000056   Data           2  timer.o(.data)
    ShowFlag                                 0x20000058   Data           1  timer.o(.data)
    count                                    0x2000005c   Data           4  timer.o(.data)
    USART2_RX_STA                            0x20000060   Data           2  usart2.o(.data)
    FDCSLE                                   0x20000062   Data           1  fdc2x14.o(.data)
    FDC2X14_Address                          0x20000063   Data           1  fdc2x14.o(.data)
    USART1_TX_BUF                            0x20000068   Data         200  usart.o(.bss)
    USART1_RX_BUF                            0x20000130   Data         200  usart.o(.bss)
    USART_RX_BUF                             0x200001f8   Data         200  usart.o(.bss)
    lcddev                                   0x200002c0   Data          14  lcd1.o(.bss)
    TimeMs                                   0x200002d0   Data          11  task.o(.bss)
    Char_Value                               0x200002db   Data          12  task.o(.bss)
    TrainData                                0x200002e8   Data          96  task.o(.bss)
    tempArray                                0x20000348   Data          32  task.o(.bss)
    TrainDataOne                             0x20000368   Data          32  task.o(.bss)
    TrainDataTwo                             0x20000388   Data          32  task.o(.bss)
    TrainDataThree                           0x200003a8   Data          32  task.o(.bss)
    TrainDataFour                            0x200003c8   Data          32  task.o(.bss)
    TrainDataFive                            0x200003e8   Data          32  task.o(.bss)
    TrainDataPaper                           0x20000408   Data          32  task.o(.bss)
    TrainDataScissor                         0x20000428   Data          32  task.o(.bss)
    TrainDataRock                            0x20000448   Data          32  task.o(.bss)
    offsetScissor                            0x20000468   Data          32  task.o(.bss)
    offsetPaper                              0x20000488   Data          32  task.o(.bss)
    offsetRock                               0x200004a8   Data          32  task.o(.bss)
    offsetOne                                0x200004c8   Data          32  task.o(.bss)
    offsetTwo                                0x200004e8   Data          32  task.o(.bss)
    offsetThree                              0x20000508   Data          32  task.o(.bss)
    offsetFour                               0x20000528   Data          32  task.o(.bss)
    offsetFive                               0x20000548   Data          32  task.o(.bss)
    offset                                   0x20000568   Data          20  task.o(.bss)
    offset1                                  0x2000057c   Data          12  task.o(.bss)
    Calibration                              0x20000588   Data          32  timer.o(.bss)
    TempValue                                0x200005a8   Data          32  timer.o(.bss)
    USART2_TX_BUF                            0x200005c8   Data         200  usart2.o(.bss)
    USART2_RX_BUF                            0x20000690   Data         200  usart2.o(.bss)
    ChValue                                  0x20000758   Data          32  fdc2x14.o(.bss)
    __libspace_start                         0x20000778   Data          96  libspace.o(.bss)
    __temporary_stack_top$libspace           0x200007d8   Data           0  libspace.o(.bss)



==============================================================================

Memory Map of the image

  Image Entry point : 0x08000279

  Load Region LR_1 (Base: 0x08000000, Size: 0x0000ad00, Max: 0xffffffff, ABSOLUTE)

    Execution Region ER_RO (Base: 0x08000000, Size: 0x0000ac9c, Max: 0xffffffff, ABSOLUTE)

    Base Addr    Size         Type   Attr      Idx    E Section Name        Object

    0x08000000   0x00000130   Data   RO          432    RESET               startup_stm32f10x_hd.o
    0x08000130   0x00000008   Code   RO         4129  * !!!main             c_w.l(__main.o)
    0x08000138   0x00000034   Code   RO         4407    !!!scatter          c_w.l(__scatter.o)
    0x0800016c   0x0000001a   Code   RO         4409    !!handler_copy      c_w.l(__scatter_copy.o)
    0x08000186   0x00000002   PAD
    0x08000188   0x0000001c   Code   RO         4411    !!handler_zi        c_w.l(__scatter_zi.o)
    0x080001a4   0x00000000   Code   RO         4124    .ARM.Collect$$_printf_percent$$00000000  c_w.l(_printf_percent.o)
    0x080001a4   0x00000006   Code   RO         4174    .ARM.Collect$$_printf_percent$$00000001  c_w.l(_printf_n.o)
    0x080001aa   0x00000006   Code   RO         4175    .ARM.Collect$$_printf_percent$$00000002  c_w.l(_printf_p.o)
    0x080001b0   0x00000006   Code   RO         4179    .ARM.Collect$$_printf_percent$$00000003  c_w.l(_printf_f.o)
    0x080001b6   0x00000006   Code   RO         4180    .ARM.Collect$$_printf_percent$$00000004  c_w.l(_printf_e.o)
    0x080001bc   0x00000006   Code   RO         4181    .ARM.Collect$$_printf_percent$$00000005  c_w.l(_printf_g.o)
    0x080001c2   0x00000006   Code   RO         4182    .ARM.Collect$$_printf_percent$$00000006  c_w.l(_printf_a.o)
    0x080001c8   0x0000000a   Code   RO         4187    .ARM.Collect$$_printf_percent$$00000007  c_w.l(_printf_ll.o)
    0x080001d2   0x00000006   Code   RO         4177    .ARM.Collect$$_printf_percent$$00000008  c_w.l(_printf_i.o)
    0x080001d8   0x00000006   Code   RO         4123    .ARM.Collect$$_printf_percent$$00000009  c_w.l(_printf_d.o)
    0x080001de   0x00000006   Code   RO         4178    .ARM.Collect$$_printf_percent$$0000000A  c_w.l(_printf_u.o)
    0x080001e4   0x00000006   Code   RO         4176    .ARM.Collect$$_printf_percent$$0000000B  c_w.l(_printf_o.o)
    0x080001ea   0x00000006   Code   RO         4122    .ARM.Collect$$_printf_percent$$0000000C  c_w.l(_printf_x.o)
    0x080001f0   0x00000006   Code   RO         4184    .ARM.Collect$$_printf_percent$$0000000D  c_w.l(_printf_lli.o)
    0x080001f6   0x00000006   Code   RO         4185    .ARM.Collect$$_printf_percent$$0000000E  c_w.l(_printf_lld.o)
    0x080001fc   0x00000006   Code   RO         4186    .ARM.Collect$$_printf_percent$$0000000F  c_w.l(_printf_llu.o)
    0x08000202   0x00000006   Code   RO         4191    .ARM.Collect$$_printf_percent$$00000010  c_w.l(_printf_llo.o)
    0x08000208   0x00000006   Code   RO         4192    .ARM.Collect$$_printf_percent$$00000011  c_w.l(_printf_llx.o)
    0x0800020e   0x0000000a   Code   RO         4188    .ARM.Collect$$_printf_percent$$00000012  c_w.l(_printf_l.o)
    0x08000218   0x00000006   Code   RO         4173    .ARM.Collect$$_printf_percent$$00000013  c_w.l(_printf_c.o)
    0x0800021e   0x00000006   Code   RO         4121    .ARM.Collect$$_printf_percent$$00000014  c_w.l(_printf_s.o)
    0x08000224   0x00000006   Code   RO         4189    .ARM.Collect$$_printf_percent$$00000015  c_w.l(_printf_lc.o)
    0x0800022a   0x00000006   Code   RO         4190    .ARM.Collect$$_printf_percent$$00000016  c_w.l(_printf_ls.o)
    0x08000230   0x00000004   Code   RO         4183    .ARM.Collect$$_printf_percent$$00000017  c_w.l(_printf_percent_end.o)
    0x08000234   0x00000002   Code   RO         4275    .ARM.Collect$$libinit$$00000000  c_w.l(libinit.o)
    0x08000236   0x00000000   Code   RO         4291    .ARM.Collect$$libinit$$00000002  c_w.l(libinit2.o)
    0x08000236   0x00000000   Code   RO         4293    .ARM.Collect$$libinit$$00000004  c_w.l(libinit2.o)
    0x08000236   0x00000000   Code   RO         4296    .ARM.Collect$$libinit$$0000000A  c_w.l(libinit2.o)
    0x08000236   0x00000000   Code   RO         4298    .ARM.Collect$$libinit$$0000000C  c_w.l(libinit2.o)
    0x08000236   0x00000000   Code   RO         4300    .ARM.Collect$$libinit$$0000000E  c_w.l(libinit2.o)
    0x08000236   0x00000006   Code   RO         4301    .ARM.Collect$$libinit$$0000000F  c_w.l(libinit2.o)
    0x0800023c   0x00000000   Code   RO         4303    .ARM.Collect$$libinit$$00000011  c_w.l(libinit2.o)
    0x0800023c   0x0000000c   Code   RO         4304    .ARM.Collect$$libinit$$00000012  c_w.l(libinit2.o)
    0x08000248   0x00000000   Code   RO         4305    .ARM.Collect$$libinit$$00000013  c_w.l(libinit2.o)
    0x08000248   0x00000000   Code   RO         4307    .ARM.Collect$$libinit$$00000015  c_w.l(libinit2.o)
    0x08000248   0x0000000a   Code   RO         4308    .ARM.Collect$$libinit$$00000016  c_w.l(libinit2.o)
    0x08000252   0x00000000   Code   RO         4309    .ARM.Collect$$libinit$$00000017  c_w.l(libinit2.o)
    0x08000252   0x00000000   Code   RO         4311    .ARM.Collect$$libinit$$00000019  c_w.l(libinit2.o)
    0x08000252   0x00000000   Code   RO         4313    .ARM.Collect$$libinit$$0000001B  c_w.l(libinit2.o)
    0x08000252   0x00000000   Code   RO         4315    .ARM.Collect$$libinit$$0000001D  c_w.l(libinit2.o)
    0x08000252   0x00000000   Code   RO         4317    .ARM.Collect$$libinit$$0000001F  c_w.l(libinit2.o)
    0x08000252   0x00000000   Code   RO         4319    .ARM.Collect$$libinit$$00000021  c_w.l(libinit2.o)
    0x08000252   0x00000000   Code   RO         4321    .ARM.Collect$$libinit$$00000023  c_w.l(libinit2.o)
    0x08000252   0x00000000   Code   RO         4323    .ARM.Collect$$libinit$$00000025  c_w.l(libinit2.o)
    0x08000252   0x00000000   Code   RO         4327    .ARM.Collect$$libinit$$0000002C  c_w.l(libinit2.o)
    0x08000252   0x00000000   Code   RO         4329    .ARM.Collect$$libinit$$0000002E  c_w.l(libinit2.o)
    0x08000252   0x00000000   Code   RO         4331    .ARM.Collect$$libinit$$00000030  c_w.l(libinit2.o)
    0x08000252   0x00000000   Code   RO         4333    .ARM.Collect$$libinit$$00000032  c_w.l(libinit2.o)
    0x08000252   0x00000002   Code   RO         4334    .ARM.Collect$$libinit$$00000033  c_w.l(libinit2.o)
    0x08000254   0x00000002   Code   RO         4352    .ARM.Collect$$libshutdown$$00000000  c_w.l(libshutdown.o)
    0x08000256   0x00000000   Code   RO         4363    .ARM.Collect$$libshutdown$$00000003  c_w.l(libshutdown2.o)
    0x08000256   0x00000000   Code   RO         4366    .ARM.Collect$$libshutdown$$00000006  c_w.l(libshutdown2.o)
    0x08000256   0x00000000   Code   RO         4369    .ARM.Collect$$libshutdown$$00000009  c_w.l(libshutdown2.o)
    0x08000256   0x00000000   Code   RO         4371    .ARM.Collect$$libshutdown$$0000000B  c_w.l(libshutdown2.o)
    0x08000256   0x00000000   Code   RO         4374    .ARM.Collect$$libshutdown$$0000000E  c_w.l(libshutdown2.o)
    0x08000256   0x00000002   Code   RO         4375    .ARM.Collect$$libshutdown$$0000000F  c_w.l(libshutdown2.o)
    0x08000258   0x00000000   Code   RO         4145    .ARM.Collect$$rtentry$$00000000  c_w.l(__rtentry.o)
    0x08000258   0x00000000   Code   RO         4201    .ARM.Collect$$rtentry$$00000002  c_w.l(__rtentry2.o)
    0x08000258   0x00000006   Code   RO         4213    .ARM.Collect$$rtentry$$00000004  c_w.l(__rtentry4.o)
    0x0800025e   0x00000000   Code   RO         4203    .ARM.Collect$$rtentry$$00000009  c_w.l(__rtentry2.o)
    0x0800025e   0x00000004   Code   RO         4204    .ARM.Collect$$rtentry$$0000000A  c_w.l(__rtentry2.o)
    0x08000262   0x00000000   Code   RO         4206    .ARM.Collect$$rtentry$$0000000C  c_w.l(__rtentry2.o)
    0x08000262   0x00000008   Code   RO         4207    .ARM.Collect$$rtentry$$0000000D  c_w.l(__rtentry2.o)
    0x0800026a   0x00000002   Code   RO         4283    .ARM.Collect$$rtexit$$00000000  c_w.l(rtexit.o)
    0x0800026c   0x00000000   Code   RO         4336    .ARM.Collect$$rtexit$$00000002  c_w.l(rtexit2.o)
    0x0800026c   0x00000004   Code   RO         4337    .ARM.Collect$$rtexit$$00000003  c_w.l(rtexit2.o)
    0x08000270   0x00000006   Code   RO         4338    .ARM.Collect$$rtexit$$00000004  c_w.l(rtexit2.o)
    0x08000276   0x00000002   PAD
    0x08000278   0x00000040   Code   RO          433  * .text               startup_stm32f10x_hd.o
    0x080002b8   0x00000002   Code   RO         4062    .text               c_w.l(use_no_semi_2.o)
    0x080002ba   0x00000002   PAD
    0x080002bc   0x00000024   Code   RO         4064    .text               c_w.l(c89vsprintf.o)
    0x080002e0   0x00000018   Code   RO         4066    .text               c_w.l(__2printf.o)
    0x080002f8   0x0000002c   Code   RO         4068    .text               c_w.l(__2sprintf.o)
    0x08000324   0x00000052   Code   RO         4076    .text               c_w.l(_printf_str.o)
    0x08000376   0x00000002   PAD
    0x08000378   0x00000078   Code   RO         4078    .text               c_w.l(_printf_dec.o)
    0x080003f0   0x00000094   Code   RO         4098    .text               c_w.l(_printf_hex_int_ll_ptr.o)
    0x08000484   0x00000188   Code   RO         4118    .text               c_w.l(__printf_flags_ss_wp.o)
    0x0800060c   0x0000003e   Code   RO         4125    .text               c_w.l(strlen.o)
    0x0800064a   0x00000006   Code   RO         4127    .text               c_w.l(heapauxi.o)
    0x08000650   0x00000002   Code   RO         4143    .text               c_w.l(use_no_semi.o)
    0x08000652   0x0000004e   Code   RO         4146    .text               c_w.l(_printf_pad.o)
    0x080006a0   0x00000024   Code   RO         4148    .text               c_w.l(_printf_truncate.o)
    0x080006c4   0x000000b2   Code   RO         4150    .text               c_w.l(_printf_intcommon.o)
    0x08000776   0x00000028   Code   RO         4152    .text               c_w.l(_printf_charcount.o)
    0x0800079e   0x00000002   PAD
    0x080007a0   0x00000030   Code   RO         4154    .text               c_w.l(_printf_char_common.o)
    0x080007d0   0x0000000a   Code   RO         4156    .text               c_w.l(_sputc.o)
    0x080007da   0x0000002c   Code   RO         4158    .text               c_w.l(_printf_char.o)
    0x08000806   0x00000002   PAD
    0x08000808   0x00000024   Code   RO         4160    .text               c_w.l(_printf_char_file.o)
    0x0800082c   0x000000bc   Code   RO         4162    .text               c_w.l(_printf_wctomb.o)
    0x080008e8   0x0000007c   Code   RO         4165    .text               c_w.l(_printf_longlong_dec.o)
    0x08000964   0x00000070   Code   RO         4171    .text               c_w.l(_printf_oct_int_ll.o)
    0x080009d4   0x0000008a   Code   RO         4215    .text               c_w.l(lludiv10.o)
    0x08000a5e   0x0000041a   Code   RO         4217    .text               c_w.l(_printf_fp_dec.o)
    0x08000e78   0x0000002c   Code   RO         4221    .text               c_w.l(_printf_wchar.o)
    0x08000ea4   0x00000008   Code   RO         4223    .text               c_w.l(ferror.o)
    0x08000eac   0x00000040   Code   RO         4227    .text               c_w.l(_wcrtomb.o)
    0x08000eec   0x0000004a   Code   RO         4229    .text               c_w.l(sys_stackheap_outer.o)
    0x08000f36   0x00000002   PAD
    0x08000f38   0x00000010   Code   RO         4231    .text               c_w.l(rt_ctype_table.o)
    0x08000f48   0x00000008   Code   RO         4236    .text               c_w.l(rt_locale_intlibspace.o)
    0x08000f50   0x00000080   Code   RO         4238    .text               c_w.l(_printf_fp_infnan.o)
    0x08000fd0   0x000000dc   Code   RO         4240    .text               c_w.l(bigflt0.o)
    0x080010ac   0x0000000c   Code   RO         4268    .text               c_w.l(exit.o)
    0x080010b8   0x00000008   Code   RO         4280    .text               c_w.l(libspace.o)
    0x080010c0   0x00000080   Code   RO         4288    .text               c_w.l(strcmpv7m.o)
    0x08001140   0x0000003e   Code   RO         4243    CL$$btod_d2e        c_w.l(btod.o)
    0x0800117e   0x00000046   Code   RO         4245    CL$$btod_d2e_denorm_low  c_w.l(btod.o)
    0x080011c4   0x00000060   Code   RO         4244    CL$$btod_d2e_norm_op1  c_w.l(btod.o)
    0x08001224   0x00000338   Code   RO         4253    CL$$btod_div_common  c_w.l(btod.o)
    0x0800155c   0x000000c6   Code   RO         4250    CL$$btod_e2e        c_w.l(btod.o)
    0x08001622   0x00000028   Code   RO         4247    CL$$btod_ediv       c_w.l(btod.o)
    0x0800164a   0x00000028   Code   RO         4246    CL$$btod_emul       c_w.l(btod.o)
    0x08001672   0x00000244   Code   RO         4252    CL$$btod_mult_common  c_w.l(btod.o)
    0x080018b6   0x00000002   PAD
    0x080018b8   0x00000024   Code   RO         3957    i.ADS_clock         myiic.o
    0x080018dc   0x0000000e   Code   RO         3958    i.ADS_delay         myiic.o
    0x080018ea   0x0000001e   Code   RO            1    i.BSP_Init          main.o
    0x08001908   0x00000004   Code   RO          159    i.BusFault_Handler  stm32f10x_it.o
    0x0800190c   0x000000d0   Code   RO         3827    i.Calibrate         timer.o
    0x080019dc   0x00000018   Code   RO         1164    i.DMA_Cmd           stm32f10x_dma.o
    0x080019f4   0x0000014c   Code   RO         1165    i.DMA_DeInit        stm32f10x_dma.o
    0x08001b40   0x00000008   Code   RO         1166    i.DMA_GetCurrDataCounter  stm32f10x_dma.o
    0x08001b48   0x0000003c   Code   RO         1170    i.DMA_Init          stm32f10x_dma.o
    0x08001b84   0x00000004   Code   RO         1171    i.DMA_SetCurrDataCounter  stm32f10x_dma.o
    0x08001b88   0x00000002   Code   RO          160    i.DebugMon_Handler  stm32f10x_it.o
    0x08001b8a   0x00000002   PAD
    0x08001b8c   0x00000028   Code   RO         3908    i.FDC2X14Init       fdc2x14.o
    0x08001bb4   0x00000078   Code   RO         3909    i.FDC2X14ReadCH     fdc2x14.o
    0x08001c2c   0x000000e0   Code   RO         3910    i.FDC2X14_Init      fdc2x14.o
    0x08001d0c   0x00000034   Code   RO         1473    i.FSMC_NORSRAMCmd   stm32f10x_fsmc.o
    0x08001d40   0x000000e6   Code   RO         1475    i.FSMC_NORSRAMInit  stm32f10x_fsmc.o
    0x08001e26   0x00000116   Code   RO         1588    i.GPIO_Init         stm32f10x_gpio.o
    0x08001f3c   0x00000012   Code   RO         1592    i.GPIO_ReadInputDataBit  stm32f10x_gpio.o
    0x08001f4e   0x00000004   Code   RO         1595    i.GPIO_ResetBits    stm32f10x_gpio.o
    0x08001f52   0x00000004   Code   RO         1596    i.GPIO_SetBits      stm32f10x_gpio.o
    0x08001f56   0x00000002   PAD
    0x08001f58   0x0000008c   Code   RO         3687    i.HARDWARE_Init     init.o
    0x08001fe4   0x000000ec   Code   RO         3792    i.HC05_Init         hc05.o
    0x080020d0   0x00000004   Code   RO          161    i.HardFault_Handler  stm32f10x_it.o
    0x080020d4   0x00000050   Code   RO         3960    i.IIC_Ack           myiic.o
    0x08002124   0x00000034   Code   RO         3961    i.IIC_Init          myiic.o
    0x08002158   0x00000050   Code   RO         3963    i.IIC_Read_Byte     myiic.o
    0x080021a8   0x00000058   Code   RO         3964    i.IIC_Send_Byte     myiic.o
    0x08002200   0x00000050   Code   RO         3965    i.IIC_Start         myiic.o
    0x08002250   0x00000048   Code   RO         3966    i.IIC_Stop          myiic.o
    0x08002298   0x00000064   Code   RO         3967    i.IIC_Wait_Ack      myiic.o
    0x080022fc   0x0000003c   Code   RO         3771    i.KEY_Init          key1.o
    0x08002338   0x000000a4   Code   RO         3772    i.KEY_Scan          key1.o
    0x080023dc   0x00000158   Code   RO         3404    i.LCDShowMoraJudgeInfo  lcdinfo.o
    0x08002534   0x00000094   Code   RO         3405    i.LCDShowMoraSelectInfo  lcdinfo.o
    0x080025c8   0x00000120   Code   RO         3406    i.LCDShowMoraTrainInfo  lcdinfo.o
    0x080026e8   0x0000017c   Code   RO         3407    i.LCDShowRowingJudgeInfo  lcdinfo.o
    0x08002864   0x00000094   Code   RO         3408    i.LCDShowRowingSelectInfo  lcdinfo.o
    0x080028f8   0x00000168   Code   RO         3409    i.LCDShowRowingTrainInfo  lcdinfo.o
    0x08002a60   0x0000006c   Code   RO         3457    i.LCD_Clear         lcd1.o
    0x08002acc   0x000001c0   Code   RO         3461    i.LCD_Display_Dir   lcd1.o
    0x08002c8c   0x0000017c   Code   RO         3466    i.LCD_Fast_DrawPoint  lcd1.o
    0x08002e08   0x0000376c   Code   RO         3468    i.LCD_Init          lcd1.o
    0x08006574   0x00000016   Code   RO         3469    i.LCD_Pow           lcd1.o
    0x0800658a   0x00000002   PAD
    0x0800658c   0x00000014   Code   RO         3470    i.LCD_RD_DATA       lcd1.o
    0x080065a0   0x00000016   Code   RO         3472    i.LCD_ReadReg       lcd1.o
    0x080065b6   0x00000002   PAD
    0x080065b8   0x00000054   Code   RO         3473    i.LCD_SSD_BackLightSet  lcd1.o
    0x0800660c   0x000002ec   Code   RO         3474    i.LCD_Scan_Dir      lcd1.o
    0x080068f8   0x000001a8   Code   RO         3475    i.LCD_SetCursor     lcd1.o
    0x08006aa0   0x00000128   Code   RO         3477    i.LCD_ShowChar      lcd1.o
    0x08006bc8   0x00000066   Code   RO         3479    i.LCD_ShowString    lcd1.o
    0x08006c2e   0x000000be   Code   RO         3480    i.LCD_ShowxNum      lcd1.o
    0x08006cec   0x0000000c   Code   RO         3481    i.LCD_WR_DATA       lcd1.o
    0x08006cf8   0x0000000c   Code   RO         3482    i.LCD_WR_REG        lcd1.o
    0x08006d04   0x00000014   Code   RO         3484    i.LCD_WriteRAM_Prepare  lcd1.o
    0x08006d18   0x00000010   Code   RO         3485    i.LCD_WriteReg      lcd1.o
    0x08006d28   0x00000034   Code   RO         3859    i.LED_Init          led.o
    0x08006d5c   0x00000194   Code   RO         3410    i.LcdShowData       lcdinfo.o
    0x08006ef0   0x00000004   Code   RO          162    i.MemManage_Handler  stm32f10x_it.o
    0x08006ef4   0x00000002   Code   RO          163    i.NMI_Handler       stm32f10x_it.o
    0x08006ef6   0x00000002   PAD
    0x08006ef8   0x00000070   Code   RO          437    i.NVIC_Init         misc.o
    0x08006f68   0x00000014   Code   RO          438    i.NVIC_PriorityGroupConfig  misc.o
    0x08006f7c   0x00000002   Code   RO          164    i.PendSV_Handler    stm32f10x_it.o
    0x08006f7e   0x00000002   PAD
    0x08006f80   0x00000020   Code   RO         2003    i.RCC_AHBPeriphClockCmd  stm32f10x_rcc.o
    0x08006fa0   0x00000020   Code   RO         2004    i.RCC_APB1PeriphClockCmd  stm32f10x_rcc.o
    0x08006fc0   0x00000020   Code   RO         2005    i.RCC_APB1PeriphResetCmd  stm32f10x_rcc.o
    0x08006fe0   0x00000020   Code   RO         2006    i.RCC_APB2PeriphClockCmd  stm32f10x_rcc.o
    0x08007000   0x00000020   Code   RO         2007    i.RCC_APB2PeriphResetCmd  stm32f10x_rcc.o
    0x08007020   0x000000d4   Code   RO         2014    i.RCC_GetClocksFreq  stm32f10x_rcc.o
    0x080070f4   0x0000013c   Code   RO         3911    i.ReadFDC2X14       fdc2x14.o
    0x08007230   0x0000001a   Code   RO         3688    i.SOFTWARE_Init     init.o
    0x0800724a   0x00000002   Code   RO          165    i.SVC_Handler       stm32f10x_it.o
    0x0800724c   0x0000006c   Code   RO         3912    i.SetFDC2X14        fdc2x14.o
    0x080072b8   0x00000008   Code   RO          222    i.SetSysClock       system_stm32f10x.o
    0x080072c0   0x000000e0   Code   RO          223    i.SetSysClockTo72   system_stm32f10x.o
    0x080073a0   0x00000028   Code   RO          441    i.SysTick_CLKSourceConfig  misc.o
    0x080073c8   0x00000002   Code   RO          166    i.SysTick_Handler   stm32f10x_it.o
    0x080073ca   0x00000002   PAD
    0x080073cc   0x00000060   Code   RO          225    i.SystemInit        system_stm32f10x.o
    0x0800742c   0x00000118   Code   RO         3828    i.TIM3_IRQHandler   timer.o
    0x08007544   0x00000060   Code   RO         3829    i.TIM3_Int_Init     timer.o
    0x080075a4   0x00000030   Code   RO          337    i.TIM4_IRQHandler   usart.o
    0x080075d4   0x00000058   Code   RO          338    i.TIM4_Init         usart.o
    0x0800762c   0x00000028   Code   RO          339    i.TIM4_Set          usart.o
    0x08007654   0x00000006   Code   RO         2633    i.TIM_ClearITPendingBit  stm32f10x_tim.o
    0x0800765a   0x00000018   Code   RO         2638    i.TIM_Cmd           stm32f10x_tim.o
    0x08007672   0x00000022   Code   RO         2659    i.TIM_GetITStatus   stm32f10x_tim.o
    0x08007694   0x00000012   Code   RO         2663    i.TIM_ITConfig      stm32f10x_tim.o
    0x080076a6   0x00000004   Code   RO         2703    i.TIM_SetCounter    stm32f10x_tim.o
    0x080076aa   0x00000002   PAD
    0x080076ac   0x000000a4   Code   RO         2709    i.TIM_TimeBaseInit  stm32f10x_tim.o
    0x08007750   0x00000158   Code   RO         3719    i.Task1             task.o
    0x080078a8   0x00000158   Code   RO         3720    i.Task2             task.o
    0x08007a00   0x000008cc   Code   RO         3721    i.Task3             task.o
    0x080082cc   0x000005e8   Code   RO         3722    i.Task4             task.o
    0x080088b4   0x0000002c   Code   RO         3723    i.TrainDataInit     task.o
    0x080088e0   0x00000048   Code   RO          340    i.UART_DMA_Config   usart.o
    0x08008928   0x00000020   Code   RO          341    i.UART_DMA_Enable   usart.o
    0x08008948   0x0000007c   Code   RO          342    i.USART1_IRQHandler  usart.o
    0x080089c4   0x000000e0   Code   RO         3871    i.USART2_Init       usart2.o
    0x08008aa4   0x00000018   Code   RO         3174    i.USART_Cmd         stm32f10x_usart.o
    0x08008abc   0x00000012   Code   RO         3175    i.USART_DMACmd      stm32f10x_usart.o
    0x08008ace   0x00000002   PAD
    0x08008ad0   0x0000009c   Code   RO         3176    i.USART_DeInit      stm32f10x_usart.o
    0x08008b6c   0x00000054   Code   RO         3178    i.USART_GetITStatus  stm32f10x_usart.o
    0x08008bc0   0x0000004a   Code   RO         3180    i.USART_ITConfig    stm32f10x_usart.o
    0x08008c0a   0x00000002   PAD
    0x08008c0c   0x000000d8   Code   RO         3181    i.USART_Init        stm32f10x_usart.o
    0x08008ce4   0x0000000a   Code   RO         3188    i.USART_ReceiveData  stm32f10x_usart.o
    0x08008cee   0x00000004   Code   RO          167    i.UsageFault_Handler  stm32f10x_it.o
    0x08008cf2   0x00000028   Code   RO         4278    i.__ARM_fpclassify  m_ws.l(fpclassify.o)
    0x08008d1a   0x0000000e   Code   RO         4111    i._is_digit         c_w.l(__printf_wp.o)
    0x08008d28   0x00000006   Code   RO          343    i._sys_exit         usart.o
    0x08008d2e   0x00000002   PAD
    0x08008d30   0x00000044   Code   RO          256    i.delay_init        delay.o
    0x08008d74   0x0000004c   Code   RO          257    i.delay_ms          delay.o
    0x08008dc0   0x0000004c   Code   RO          258    i.delay_us          delay.o
    0x08008e0c   0x0000001c   Code   RO          344    i.fputc             usart.o
    0x08008e28   0x000000c4   Code   RO            2    i.main              main.o
    0x08008eec   0x00000040   Code   RO         3872    i.u2_printf         usart2.o
    0x08008f2c   0x000000b4   Code   RO          345    i.uart_init         usart.o
    0x08008fe0   0x0000002c   Code   RO         4266    locale$$code        c_w.l(lc_numeric_c.o)
    0x0800900c   0x0000002c   Code   RO         4286    locale$$code        c_w.l(lc_ctype_c.o)
    0x08009038   0x0000005a   Code   RO         4131    x$fpl$dfixu         fz_ws.l(dfixu.o)
    0x08009092   0x00000026   Code   RO         4135    x$fpl$dfltu         fz_ws.l(dflt_clz.o)
    0x080090b8   0x00000154   Code   RO         4141    x$fpl$dmul          fz_ws.l(dmul.o)
    0x0800920c   0x0000009c   Code   RO         4193    x$fpl$dnaninf       fz_ws.l(dnaninf.o)
    0x080092a8   0x0000000c   Code   RO         4195    x$fpl$dretinf       fz_ws.l(dretinf.o)
    0x080092b4   0x00000004   Code   RO         4197    x$fpl$printf1       fz_ws.l(printf1.o)
    0x080092b8   0x00000000   Code   RO         4199    x$fpl$usenofp       fz_ws.l(usenofp.o)
    0x080092b8   0x000017c0   Data   RO         3488    .constdata          lcd1.o
    0x0800aa78   0x00000028   Data   RO         4099    .constdata          c_w.l(_printf_hex_int_ll_ptr.o)
    0x0800aaa0   0x00000011   Data   RO         4119    .constdata          c_w.l(__printf_flags_ss_wp.o)
    0x0800aab1   0x00000003   PAD
    0x0800aab4   0x00000008   Data   RO         4163    .constdata          c_w.l(_printf_wctomb.o)
    0x0800aabc   0x00000094   Data   RO         4241    .constdata          c_w.l(bigflt0.o)
    0x0800ab50   0x00000020   Data   RO         4405    Region$$Table       anon$$obj.o
    0x0800ab70   0x0000001c   Data   RO         4265    locale$$data        c_w.l(lc_numeric_c.o)
    0x0800ab8c   0x00000110   Data   RO         4285    locale$$data        c_w.l(lc_ctype_c.o)


    Execution Region ER_RW (Base: 0x20000000, Size: 0x00000064, Max: 0xffffffff, ABSOLUTE)

    Base Addr    Size         Type   Attr      Idx    E Section Name        Object

    0x20000000   0x00000001   Data   RW            3    .data               main.o
    0x20000001   0x00000003   PAD
    0x20000004   0x00000014   Data   RW          226    .data               system_stm32f10x.o
    0x20000018   0x00000004   Data   RW          259    .data               delay.o
    0x2000001c   0x0000000a   Data   RW          347    .data               usart.o
    0x20000026   0x00000014   Data   RW         2034    .data               stm32f10x_rcc.o
    0x2000003a   0x00000004   Data   RW         3489    .data               lcd1.o
    0x2000003e   0x00000002   PAD
    0x20000040   0x00000010   Data   RW         3725    .data               task.o
    0x20000050   0x00000001   Data   RW         3773    .data               key1.o
    0x20000051   0x00000003   PAD
    0x20000054   0x0000000c   Data   RW         3831    .data               timer.o
    0x20000060   0x00000002   Data   RW         3874    .data               usart2.o
    0x20000062   0x00000002   Data   RW         3915    .data               fdc2x14.o


    Execution Region ER_ZI (Base: 0x20000064, Size: 0x00000d74, Max: 0xffffffff, ABSOLUTE)

    Base Addr    Size         Type   Attr      Idx    E Section Name        Object

    0x20000064   0x00000004   PAD
    0x20000068   0x00000258   Zero   RW          346    .bss                usart.o
    0x200002c0   0x0000000e   Zero   RW         3487    .bss                lcd1.o
    0x200002ce   0x00000002   PAD
    0x200002d0   0x000002b8   Zero   RW         3724    .bss                task.o
    0x20000588   0x00000040   Zero   RW         3830    .bss                timer.o
    0x200005c8   0x00000190   Zero   RW         3873    .bss                usart2.o
    0x20000758   0x00000020   Zero   RW         3914    .bss                fdc2x14.o
    0x20000778   0x00000060   Zero   RW         4281    .bss                c_w.l(libspace.o)
    0x200007d8   0x00000200   Zero   RW          431    HEAP                startup_stm32f10x_hd.o
    0x200009d8   0x00000400   Zero   RW          430    STACK               startup_stm32f10x_hd.o


==============================================================================

Image component sizes


      Code (inc. data)   RO Data    RW Data    ZI Data      Debug   Object Name

       220         26          0          4          0     206263   delay.o
       808         42          0          2         32       4569   fdc2x14.o
       236         32          0          0          0        676   hc05.o
       166         38          0          0          0        892   init.o
       224         22          0          1          0       1078   key1.o
     17092        182       6080          4         14      20888   lcd1.o
      2072        806          0          0          0       3688   lcdinfo.o
        52          6          0          0          0        455   led.o
       226         36          0          1          0     269656   main.o
       172         22          0          0          0       1917   misc.o
       602         88          0          0          0       4299   myiic.o
        64         26        304          0       1536        764   startup_stm32f10x_hd.o
       428          8          0          0          0       4324   stm32f10x_dma.o
       282          6          0          0          0       1709   stm32f10x_fsmc.o
       304          0          0          0          0       3460   stm32f10x_gpio.o
        26          0          0          0          0       3390   stm32f10x_it.o
       372         50          0         20          0       5872   stm32f10x_rcc.o
       250         42          0          0          0       3827   stm32f10x_tim.o
       582         28          0          0          0       5856   stm32f10x_usart.o
         0          0          0          0          0         32   sys.o
       328         28          0         20          0       1917   system_stm32f10x.o
      4496        510          0         16        696       8105   task.o
       584         90          0         12         64       2575   timer.o
       618         64          0         10        600       6829   usart.o
       288         28          0          2        400       2604   usart2.o

    ----------------------------------------------------------------------
     30514       2180       6416        100       3348     565645   Object Totals
         0          0         32          0          0          0   (incl. Generated)
        22          0          0          8          6          0   (incl. Padding)

    ----------------------------------------------------------------------

      Code (inc. data)   RO Data    RW Data    ZI Data      Debug   Library Member Name

        24          4          0          0          0         84   __2printf.o
        44          6          0          0          0         84   __2sprintf.o
         8          0          0          0          0         68   __main.o
       392          4         17          0          0         92   __printf_flags_ss_wp.o
        14          0          0          0          0         68   __printf_wp.o
         0          0          0          0          0          0   __rtentry.o
        12          0          0          0          0          0   __rtentry2.o
         6          0          0          0          0          0   __rtentry4.o
        52          8          0          0          0          0   __scatter.o
        26          0          0          0          0          0   __scatter_copy.o
        28          0          0          0          0          0   __scatter_zi.o
         6          0          0          0          0          0   _printf_a.o
         6          0          0          0          0          0   _printf_c.o
        44          0          0          0          0        108   _printf_char.o
        48          6          0          0          0         96   _printf_char_common.o
        36          4          0          0          0         80   _printf_char_file.o
        40          0          0          0          0         68   _printf_charcount.o
         6          0          0          0          0          0   _printf_d.o
       120         16          0          0          0         92   _printf_dec.o
         6          0          0          0          0          0   _printf_e.o
         6          0          0          0          0          0   _printf_f.o
      1050          0          0          0          0        216   _printf_fp_dec.o
       128         16          0          0          0         84   _printf_fp_infnan.o
         6          0          0          0          0          0   _printf_g.o
       148          4         40          0          0        160   _printf_hex_int_ll_ptr.o
         6          0          0          0          0          0   _printf_i.o
       178          0          0          0          0         88   _printf_intcommon.o
        10          0          0          0          0          0   _printf_l.o
         6          0          0          0          0          0   _printf_lc.o
        10          0          0          0          0          0   _printf_ll.o
         6          0          0          0          0          0   _printf_lld.o
         6          0          0          0          0          0   _printf_lli.o
         6          0          0          0          0          0   _printf_llo.o
         6          0          0          0          0          0   _printf_llu.o
         6          0          0          0          0          0   _printf_llx.o
       124         16          0          0          0         92   _printf_longlong_dec.o
         6          0          0          0          0          0   _printf_ls.o
         6          0          0          0          0          0   _printf_n.o
         6          0          0          0          0          0   _printf_o.o
       112          8          0          0          0        124   _printf_oct_int_ll.o
         6          0          0          0          0          0   _printf_p.o
        78          0          0          0          0        108   _printf_pad.o
         0          0          0          0          0          0   _printf_percent.o
         4          0          0          0          0          0   _printf_percent_end.o
         6          0          0          0          0          0   _printf_s.o
        82          0          0          0          0         80   _printf_str.o
        36          0          0          0          0         84   _printf_truncate.o
         6          0          0          0          0          0   _printf_u.o
        44          0          0          0          0        108   _printf_wchar.o
       188          6          8          0          0         92   _printf_wctomb.o
         6          0          0          0          0          0   _printf_x.o
        10          0          0          0          0         68   _sputc.o
        64          0          0          0          0         92   _wcrtomb.o
       220          4        148          0          0         96   bigflt0.o
      1910        128          0          0          0        672   btod.o
        36          4          0          0          0         76   c89vsprintf.o
        12          0          0          0          0         72   exit.o
         8          0          0          0          0         68   ferror.o
         6          0          0          0          0        152   heapauxi.o
        44         10        272          0          0         76   lc_ctype_c.o
        44         10         28          0          0         76   lc_numeric_c.o
         2          0          0          0          0          0   libinit.o
        30          0          0          0          0          0   libinit2.o
         2          0          0          0          0          0   libshutdown.o
         2          0          0          0          0          0   libshutdown2.o
         8          4          0          0         96         68   libspace.o
       138          0          0          0          0         80   lludiv10.o
        16          4          0          0          0         76   rt_ctype_table.o
         8          4          0          0          0         68   rt_locale_intlibspace.o
         2          0          0          0          0          0   rtexit.o
        10          0          0          0          0          0   rtexit2.o
       128          0          0          0          0         68   strcmpv7m.o
        62          0          0          0          0         76   strlen.o
        74          0          0          0          0         80   sys_stackheap_outer.o
         2          0          0          0          0         68   use_no_semi.o
         2          0          0          0          0         68   use_no_semi_2.o
        90          4          0          0          0         92   dfixu.o
        38          0          0          0          0         68   dflt_clz.o
       340         12          0          0          0        104   dmul.o
       156          4          0          0          0         92   dnaninf.o
        12          0          0          0          0         68   dretinf.o
         4          0          0          0          0         68   printf1.o
         0          0          0          0          0          0   usenofp.o
        40          0          0          0          0         68   fpclassify.o

    ----------------------------------------------------------------------
      6742        286        516          0         96       4736   Library Totals
        16          0          3          0          0          0   (incl. Padding)

    ----------------------------------------------------------------------

      Code (inc. data)   RO Data    RW Data    ZI Data      Debug   Library Name

      6046        266        513          0         96       4176   c_w.l
       640         20          0          0          0        492   fz_ws.l
        40          0          0          0          0         68   m_ws.l

    ----------------------------------------------------------------------
      6742        286        516          0         96       4736   Library Totals

    ----------------------------------------------------------------------

==============================================================================


      Code (inc. data)   RO Data    RW Data    ZI Data      Debug   

     37256       2466       6932        100       3444     562109   Grand Totals
     37256       2466       6932        100       3444     562109   ELF Image Totals
     37256       2466       6932        100          0          0   ROM Totals

==============================================================================

    Total RO  Size (Code + RO Data)                44188 (  43.15kB)
    Total RW  Size (RW Data + ZI Data)              3544 (   3.46kB)
    Total ROM Size (Code + RO Data + RW Data)      44288 (  43.25kB)

==============================================================================

